Archive member included to satisfy reference by file (symbol)

app/libapp.a(main.c.obj)      (--whole-archive)
zephyr/libzephyr.a(cbprintf_packaged.c.obj)
                              (--whole-archive)
zephyr/libzephyr.a(crc32c_sw.c.obj)
                              (--whole-archive)
zephyr/libzephyr.a(crc32_sw.c.obj)
                              (--whole-archive)
zephyr/libzephyr.a(crc16_sw.c.obj)
                              (--whole-archive)
zephyr/libzephyr.a(crc8_sw.c.obj)
                              (--whole-archive)
zephyr/libzephyr.a(crc7_sw.c.obj)
                              (--whole-archive)
zephyr/libzephyr.a(dec.c.obj)
                              (--whole-archive)
zephyr/libzephyr.a(fdtable.c.obj)
                              (--whole-archive)
zephyr/libzephyr.a(hex.c.obj)
                              (--whole-archive)
zephyr/libzephyr.a(notify.c.obj)
                              (--whole-archive)
zephyr/libzephyr.a(printk.c.obj)
                              (--whole-archive)
zephyr/libzephyr.a(onoff.c.obj)
                              (--whole-archive)
zephyr/libzephyr.a(rb.c.obj)  (--whole-archive)
zephyr/libzephyr.a(sem.c.obj)
                              (--whole-archive)
zephyr/libzephyr.a(thread_entry.c.obj)
                              (--whole-archive)
zephyr/libzephyr.a(timeutil.c.obj)
                              (--whole-archive)
zephyr/libzephyr.a(heap.c.obj)
                              (--whole-archive)
zephyr/libzephyr.a(heap-validate.c.obj)
                              (--whole-archive)
zephyr/libzephyr.a(bitarray.c.obj)
                              (--whole-archive)
zephyr/libzephyr.a(multi_heap.c.obj)
                              (--whole-archive)
zephyr/libzephyr.a(cbprintf_complete.c.obj)
                              (--whole-archive)
zephyr/libzephyr.a(cbprintf.c.obj)
                              (--whole-archive)
zephyr/libzephyr.a(assert.c.obj)
                              (--whole-archive)
zephyr/libzephyr.a(mpsc_pbuf.c.obj)
                              (--whole-archive)
zephyr/libzephyr.a(configs.c.obj)
                              (--whole-archive)
zephyr/libzephyr.a(soc.c.obj)
                              (--whole-archive)
zephyr/libzephyr.a(stm32cube_hal.c.obj)
                              (--whole-archive)
zephyr/libzephyr.a(soc_config.c.obj)
                              (--whole-archive)
zephyr/libzephyr.a(log_core.c.obj)
                              (--whole-archive)
zephyr/libzephyr.a(log_mgmt.c.obj)
                              (--whole-archive)
zephyr/libzephyr.a(log_msg.c.obj)
                              (--whole-archive)
zephyr/libzephyr.a(log_output.c.obj)
                              (--whole-archive)
zephyr/libzephyr.a(log_backend_uart.c.obj)
                              (--whole-archive)
zephyr/libzephyr.a(cfb.c.obj)
                              (--whole-archive)
zephyr/libzephyr.a(tracing_none.c.obj)
                              (--whole-archive)
zephyr/arch/common/libarch__common.a(sw_isr_common.c.obj)
                              (--whole-archive)
zephyr/arch/arch/arm/core/aarch32/libarch__arm__core__aarch32.a(cpu_idle.S.obj)
                              (--whole-archive)
zephyr/arch/arch/arm/core/aarch32/libarch__arm__core__aarch32.a(fatal.c.obj)
                              (--whole-archive)
zephyr/arch/arch/arm/core/aarch32/libarch__arm__core__aarch32.a(irq_manage.c.obj)
                              (--whole-archive)
zephyr/arch/arch/arm/core/aarch32/libarch__arm__core__aarch32.a(nmi.c.obj)
                              (--whole-archive)
zephyr/arch/arch/arm/core/aarch32/libarch__arm__core__aarch32.a(nmi_on_reset.S.obj)
                              (--whole-archive)
zephyr/arch/arch/arm/core/aarch32/libarch__arm__core__aarch32.a(prep_c.c.obj)
                              (--whole-archive)
zephyr/arch/arch/arm/core/aarch32/libarch__arm__core__aarch32.a(swap.c.obj)
                              (--whole-archive)
zephyr/arch/arch/arm/core/aarch32/libarch__arm__core__aarch32.a(swap_helper.S.obj)
                              (--whole-archive)
zephyr/arch/arch/arm/core/aarch32/libarch__arm__core__aarch32.a(thread.c.obj)
                              (--whole-archive)
zephyr/arch/arch/arm/core/aarch32/libarch__arm__core__aarch32.a(isr_wrapper.S.obj)
                              (--whole-archive)
zephyr/arch/arch/arm/core/aarch32/cortex_m/libarch__arm__core__aarch32__cortex_m.a(exc_exit.S.obj)
                              (--whole-archive)
zephyr/arch/arch/arm/core/aarch32/cortex_m/libarch__arm__core__aarch32__cortex_m.a(fault.c.obj)
                              (--whole-archive)
zephyr/arch/arch/arm/core/aarch32/cortex_m/libarch__arm__core__aarch32__cortex_m.a(fault_s.S.obj)
                              (--whole-archive)
zephyr/arch/arch/arm/core/aarch32/cortex_m/libarch__arm__core__aarch32__cortex_m.a(fpu.c.obj)
                              (--whole-archive)
[...]
Memory Configuration

Name             Origin             Length             Attributes
FLASH            0x0000000008000000 0x0000000000080000 xr
SRAM             0x0000000020000000 0x0000000000010000 xw
CCM              0x0000000010000000 0x0000000000004000
IDT_LIST         0x00000000fffff7ff 0x0000000000000800 xw
*default*        0x0000000000000000 0xffffffffffffffff

Linker script and memory map

LOAD zephyr/CMakeFiles/zephyr_pre1.dir/misc/empty_file.c.obj
LOAD zephyr/CMakeFiles/zephyr_pre1.dir/dev_handles.c.obj
LOAD zephyr/CMakeFiles/offsets.dir/./arch/arm/core/offsets/offsets.c.obj
                0x0000000000000020                _region_min_align = 0x20

.rel.plt        0x0000000008000000        0x0
 *(SORT_BY_ALIGNMENT(.rel.plt))
                [!provide]                        PROVIDE (__rel_iplt_start = .)
 *(SORT_BY_ALIGNMENT(.rel.iplt))
 .rel.iplt      0x0000000008000000        0x0 app/libapp.a(main.c.obj)
                [!provide]                        PROVIDE (__rel_iplt_end = .)

.rela.plt       0x0000000000000000        0x0
 *(SORT_BY_ALIGNMENT(.rela.plt))
                [!provide]                        PROVIDE (__rela_iplt_start = .)
 *(SORT_BY_ALIGNMENT(.rela.iplt))
                [!provide]                        PROVIDE (__rela_iplt_end = .)

.rel.dyn
 *(SORT_BY_ALIGNMENT(.rel.*))

.rela.dyn
 *(SORT_BY_ALIGNMENT(.rela.*))

/DISCARD/
 *(SORT_BY_ALIGNMENT(.plt))

/DISCARD/
 *(SORT_BY_ALIGNMENT(.iplt))
                0x0000000008000000                __rom_region_start = 0x8000000

rom_start       0x0000000008000000      0x194
                0x0000000000000000                . = 0x0
                0x0000000000000000                . = ALIGN (0x4)
                0x0000000000000000                . = ALIGN (0x80)
                0x0000000000000000                . = ALIGN (0x200)
                0x0000000008000000                _vector_start = .
 *(SORT_BY_ALIGNMENT(.exc_vector_table))
 *(SORT_BY_ALIGNMENT(.exc_vector_table.*))
 .exc_vector_table._vector_table_section
                0x0000000008000000       0x40 zephyr/arch/arch/arm/core/aarch32/cortex_m/libarch__arm__core__aarch32__cortex_m.a(vector_table.S.obj)
                0x0000000008000000                _vector_table
 *(SORT_BY_ALIGNMENT(.vectors))
                0x0000000008000194                _vector_end = .
                0x0000000008000040                . = ALIGN (0x4)
 *(SORT_BY_ALIGNMENT(.gnu.linkonce.irq_vector_table*))
 .gnu.linkonce.irq_vector_table
                0x0000000008000040      0x154 zephyr/arch/common/libisr_tables.a(isr_tables.c.obj)
                0x0000000008000040                _irq_vector_table
                0x0000000008000194                _vector_end = .

text            0x00000000080001a0     0xcadc
                0x00000000080001a0                __text_region_start = .
 *(SORT_BY_ALIGNMENT(.text))
 .text          0x00000000080001a0       0xa0 C:/Users/Ricardo/zephyr-sdk-0.15.0/arm-zephyr-eabi/arm-zephyr-eabi/lib/thumb/v7e-m/nofp\libc_nano.a(lib_a-memchr.o)
                0x00000000080001a0                memchr
 .text          0x0000000008000240      0x378 c:/users/ricardo/zephyr-sdk-0.15.0/arm-zephyr-eabi/bin/../lib/gcc/arm-zephyr-eabi/12.1.0/thumb/v7e-m/nofp\libgcc.a(_arm_addsubdf3.o)
                0x0000000008000240                __aeabi_drsub
                0x0000000008000248                __aeabi_dsub
                0x0000000008000248                __subdf3
                0x000000000800024c                __aeabi_dadd
                0x000000000800024c                __adddf3
                0x00000000080004c4                __floatunsidf
                0x00000000080004c4                __aeabi_ui2d
                0x00000000080004e4                __floatsidf
                0x00000000080004e4                __aeabi_i2d
                0x0000000008000508                __aeabi_f2d
                0x0000000008000508                __extendsfdf2
                0x000000000800054c                __floatundidf
                0x000000000800054c                __aeabi_ul2d
                0x000000000800055c                __floatdidf
                0x000000000800055c                __aeabi_l2d
 .text          0x00000000080005b8      0x424 c:/users/ricardo/zephyr-sdk-0.15.0/arm-zephyr-eabi/bin/../lib/gcc/arm-zephyr-eabi/12.1.0/thumb/v7e-m/nofp\libgcc.a(_arm_muldivdf3.o)
                0x00000000080005b8                __aeabi_dmul
                0x00000000080005b8                __muldf3
                0x000000000800080c                __divdf3
                0x000000000800080c                __aeabi_ddiv
 .text          0x00000000080009dc       0xa0 c:/users/ricardo/zephyr-sdk-0.15.0/arm-zephyr-eabi/bin/../lib/gcc/arm-zephyr-eabi/12.1.0/thumb/v7e-m/nofp\libgcc.a(_arm_truncdfsf2.o)
                0x00000000080009dc                __truncdfsf2
                0x00000000080009dc                __aeabi_d2f
 .text          0x0000000008000a7c       0xec c:/users/ricardo/zephyr-sdk-0.15.0/arm-zephyr-eabi/bin/../lib/gcc/arm-zephyr-eabi/12.1.0/thumb/v7e-m/nofp\libgcc.a(_arm_cmpsf2.o)
                0x0000000008000a7c                __gesf2
                0x0000000008000a7c                __gtsf2
                0x0000000008000a84                __lesf2
                0x0000000008000a84                __ltsf2
                0x0000000008000a8c                __nesf2
                0x0000000008000a8c                __eqsf2
                0x0000000008000a8c                __cmpsf2
                0x0000000008000aec                __aeabi_cfrcmple
                0x0000000008000af4                __aeabi_cfcmpeq
                0x0000000008000af4                __aeabi_cfcmple
                0x0000000008000b04                __aeabi_fcmpeq
                0x0000000008000b18                __aeabi_fcmplt
                0x0000000008000b2c                __aeabi_fcmple
                0x0000000008000b40                __aeabi_fcmpge
                0x0000000008000b54                __aeabi_fcmpgt
 .text          0x0000000008000b68       0x30 c:/users/ricardo/zephyr-sdk-0.15.0/arm-zephyr-eabi/bin/../lib/gcc/arm-zephyr-eabi/12.1.0/thumb/v7e-m/nofp\libgcc.a(_aeabi_uldivmod.o)
                0x0000000008000b68                __aeabi_uldivmod
 .text          0x0000000008000b98        0x4 c:/users/ricardo/zephyr-sdk-0.15.0/arm-zephyr-eabi/bin/../lib/gcc/arm-zephyr-eabi/12.1.0/thumb/v7e-m/nofp\libgcc.a(_dvmd_tls.o)
                0x0000000008000b98                __aeabi_idiv0
                0x0000000008000b98                __aeabi_ldiv0
 .text          0x0000000008000b9c      0x110 c:/users/ricardo/zephyr-sdk-0.15.0/arm-zephyr-eabi/bin/../lib/gcc/arm-zephyr-eabi/12.1.0/thumb/v7e-m/nofp\libgcc.a(_arm_cmpdf2.o)
                0x0000000008000b9c                __gtdf2
                0x0000000008000b9c                __gedf2
                0x0000000008000ba4                __ltdf2
                0x0000000008000ba4                __ledf2
                0x0000000008000bac                __nedf2
                0x0000000008000bac                __eqdf2
                0x0000000008000bac                __cmpdf2
                0x0000000008000c28                __aeabi_cdrcmple
                0x0000000008000c38                __aeabi_cdcmpeq
                0x0000000008000c38                __aeabi_cdcmple
                0x0000000008000c48                __aeabi_dcmpeq
                0x0000000008000c5c                __aeabi_dcmplt
                0x0000000008000c70                __aeabi_dcmple
                0x0000000008000c84                __aeabi_dcmpge
                0x0000000008000c98                __aeabi_dcmpgt
 .text          0x0000000008000cac       0x2c c:/users/ricardo/zephyr-sdk-0.15.0/arm-zephyr-eabi/bin/../lib/gcc/arm-zephyr-eabi/12.1.0/thumb/v7e-m/nofp\libgcc.a(_arm_unorddf2.o)
                0x0000000008000cac                __unorddf2
                0x0000000008000cac                __aeabi_dcmpun
 .text          0x0000000008000cd8       0x50 c:/users/ricardo/zephyr-sdk-0.15.0/arm-zephyr-eabi/bin/../lib/gcc/arm-zephyr-eabi/12.1.0/thumb/v7e-m/nofp\libgcc.a(_arm_fixdfsi.o)
                0x0000000008000cd8                __aeabi_d2iz
                0x0000000008000cd8                __fixdfsi
 .text          0x0000000008000d28      0x2a0 c:/users/ricardo/zephyr-sdk-0.15.0/arm-zephyr-eabi/bin/../lib/gcc/arm-zephyr-eabi/12.1.0/thumb/v7e-m/nofp\libgcc.a(_udivmoddi4.o)
                0x0000000008000d28                __udivmoddi4
 .text          0x0000000008000fc8       0x10 C:/Users/Ricardo/zephyr-sdk-0.15.0/arm-zephyr-eabi/arm-zephyr-eabi/lib/thumb/v7e-m/nofp\libc_nano.a(lib_a-strlen.o)
                0x0000000008000fc8                strlen
 *(SORT_BY_ALIGNMENT(.text.*))
 .text.temp_sensors
                0x0000000008000fd8      0x178 app/libapp.a(main.c.obj)
                0x0000000008000fd8                temp_sensors
 .text._dtoa_r  0x0000000008001150      0xc5c C:/Users/Ricardo/zephyr-sdk-0.15.0/arm-zephyr-eabi/arm-zephyr-eabi/lib/thumb/v7e-m/nofp\libc_nano.a(lib_a-dtoa.o)
                0x0000000008001150                _dtoa_r
 .text.st_temp_run
                0x0000000008001dac       0x8c app/libapp.a(main.c.obj)
 .text.st_bt_fim_run
                0x0000000008001e38       0x38 app/libapp.a(main.c.obj)
 .text.st_bt_inicio_run
                0x0000000008001e70       0x68 app/libapp.a(main.c.obj)
 .text.main     0x0000000008001ed8       0xa8 app/libapp.a(main.c.obj)
                0x0000000008001ed8                main
 .text.display_corrido
                0x0000000008001f80       0x70 app/libapp.a(main.c.obj)
                0x0000000008001f80                display_corrido
 .text.st_bt_flow_run
                0x0000000008001ff0       0x34 app/libapp.a(main.c.obj)
 .text.st_bt_temp_run
                0x0000000008002024       0x34 app/libapp.a(main.c.obj)
 .text.cbprintf_package_convert
                0x0000000008002058      0x36c zephyr/libzephyr.a(cbprintf_packaged.c.obj)
                0x0000000008002058                cbprintf_package_convert
 .text.char_out
                0x00000000080023c4        0xc zephyr/libzephyr.a(printk.c.obj)
 .text.__printk_hook_install
                0x00000000080023d0        0xc zephyr/libzephyr.a(printk.c.obj)
                0x00000000080023d0                __printk_hook_install
 .text.vprintk  0x00000000080023dc       0x1c zephyr/libzephyr.a(printk.c.obj)
                0x00000000080023dc                vprintk
 .text.vsnprintk
                0x00000000080023f8       0x2c zephyr/libzephyr.a(printk.c.obj)
                0x00000000080023f8                vsnprintk
 .text.sys_heap_aligned_alloc
                0x0000000008002424      0x104 zephyr/libzephyr.a(heap.c.obj)
                0x0000000008002424                sys_heap_aligned_alloc
 .text.sys_heap_init
                0x0000000008002528      0x118 zephyr/libzephyr.a(heap.c.obj)
                0x0000000008002528                sys_heap_init
 .text.extract_decimal
                0x0000000008002640       0x2c zephyr/libzephyr.a(cbprintf_complete.c.obj)
 .text.encode_uint
                0x000000000800266c       0x98 zephyr/libzephyr.a(cbprintf_complete.c.obj)
 .text.z_cbvprintf_impl
                0x0000000008002704      0xcdc zephyr/libzephyr.a(cbprintf_complete.c.obj)
                0x0000000008002704                z_cbvprintf_impl
 .text.mpsc_pbuf_init
                0x00000000080033e0       0x64 zephyr/libzephyr.a(mpsc_pbuf.c.obj)
                0x00000000080033e0                mpsc_pbuf_init
 .text.mpsc_pbuf_alloc
                0x0000000008003444      0x17c zephyr/libzephyr.a(mpsc_pbuf.c.obj)
                0x0000000008003444                mpsc_pbuf_alloc
 .text.mpsc_pbuf_commit
                0x00000000080035c0       0xac zephyr/libzephyr.a(mpsc_pbuf.c.obj)
                0x00000000080035c0                mpsc_pbuf_commit
 .text.mpsc_pbuf_claim
                0x000000000800366c      0x10c zephyr/libzephyr.a(mpsc_pbuf.c.obj)
                0x000000000800366c                mpsc_pbuf_claim
 .text.mpsc_pbuf_free
                0x0000000008003778       0xd4 zephyr/libzephyr.a(mpsc_pbuf.c.obj)
                0x0000000008003778                mpsc_pbuf_free
 .text.stm32f3_init
                0x000000000800384c       0x2c zephyr/libzephyr.a(soc.c.obj)
 .text.enable_logger
                0x0000000008003878       0x5c zephyr/libzephyr.a(log_core.c.obj)
 .text.activate_foreach_backend
                0x00000000080038d4       0x64 zephyr/libzephyr.a(log_core.c.obj)
 .text.z_log_init
                0x0000000008003938       0xcc zephyr/libzephyr.a(log_core.c.obj)
 .text.log_process_thread_timer_expiry_fn
                0x0000000008003a04        0xc zephyr/libzephyr.a(log_core.c.obj)
 .text.log_format_func_t_get
                0x0000000008003a10        0xc zephyr/libzephyr.a(log_core.c.obj)
                0x0000000008003a10                log_format_func_t_get
 .text.z_log_notify_backend_enabled
                0x0000000008003a1c       0x1c zephyr/libzephyr.a(log_core.c.obj)
                0x0000000008003a1c                z_log_notify_backend_enabled
 .text.z_log_dropped
                0x0000000008003a38       0x3c zephyr/libzephyr.a(log_core.c.obj)
                0x0000000008003a38                z_log_dropped
 .text.z_log_dropped_read_and_clear
                0x0000000008003a74       0x20 zephyr/libzephyr.a(log_core.c.obj)
                0x0000000008003a74                z_log_dropped_read_and_clear
 .text.dropped_notify
                0x0000000008003a94       0x38 zephyr/libzephyr.a(log_core.c.obj)
                0x0000000008003a94                dropped_notify
 .text.z_log_msg_init
                0x0000000008003acc       0x10 zephyr/libzephyr.a(log_core.c.obj)
                0x0000000008003acc                z_log_msg_init
 .text.log_core_init
                0x0000000008003adc       0x34 zephyr/libzephyr.a(log_core.c.obj)
                0x0000000008003adc                log_core_init
 .text.z_log_msg_alloc
                0x0000000008003b10       0x10 zephyr/libzephyr.a(log_core.c.obj)
                0x0000000008003b10                z_log_msg_alloc
 .text.z_log_msg_claim
                0x0000000008003b20        0xc zephyr/libzephyr.a(log_core.c.obj)
                0x0000000008003b20                z_log_msg_claim
 .text.z_log_msg_free
                0x0000000008003b2c        0xc zephyr/libzephyr.a(log_core.c.obj)
                0x0000000008003b2c                z_log_msg_free
 .text.z_log_msg_pending
                0x0000000008003b38        0xc zephyr/libzephyr.a(log_core.c.obj)
                0x0000000008003b38                z_log_msg_pending
 .text.z_impl_log_process
                0x0000000008003b44       0x7c zephyr/libzephyr.a(log_core.c.obj)
                0x0000000008003b44                z_impl_log_process
 .text.z_impl_log_panic
                0x0000000008003bc0       0x4c zephyr/libzephyr.a(log_core.c.obj)
                0x0000000008003bc0                z_impl_log_panic
 .text.log_process_thread_func
                0x0000000008003c0c       0xd0 zephyr/libzephyr.a(log_core.c.obj)
 .text.z_log_msg_commit
                0x0000000008003cdc      0x10c zephyr/libzephyr.a(log_core.c.obj)
                0x0000000008003cdc                z_log_msg_commit
 .text.log_source_name_get
                0x0000000008003de8       0x1c zephyr/libzephyr.a(log_mgmt.c.obj)
                0x0000000008003de8                log_source_name_get
 .text.log_backend_enable
                0x0000000008003e04       0x48 zephyr/libzephyr.a(log_mgmt.c.obj)
                0x0000000008003e04                log_backend_enable
 .text.z_impl_z_log_msg_static_create
                0x0000000008003e4c       0xcc zephyr/libzephyr.a(log_msg.c.obj)
                0x0000000008003e4c                z_impl_z_log_msg_static_create
 .text.print_formatted
                0x0000000008003f18       0x24 zephyr/libzephyr.a(log_output.c.obj)
 .text.newline_print
                0x0000000008003f3c       0x1c zephyr/libzephyr.a(log_output.c.obj)
 .text.out_func
                0x0000000008003f58       0x60 zephyr/libzephyr.a(log_output.c.obj)
 .text.log_output_process
                0x0000000008003fb8      0x2d0 zephyr/libzephyr.a(log_output.c.obj)
                0x0000000008003fb8                log_output_process
 .text.log_output_msg_process
                0x0000000008004288       0x6c zephyr/libzephyr.a(log_output.c.obj)
                0x0000000008004288                log_output_msg_process
 .text.log_output_dropped_process
                0x00000000080042f4       0x58 zephyr/libzephyr.a(log_output.c.obj)
                0x00000000080042f4                log_output_dropped_process
 .text.log_output_timestamp_freq_set
                0x000000000800434c       0x2c zephyr/libzephyr.a(log_output.c.obj)
                0x000000000800434c                log_output_timestamp_freq_set
 .text.format_set
                0x0000000008004378        0xc zephyr/libzephyr.a(log_backend_uart.c.obj)
 .text.panic    0x0000000008004384       0x14 zephyr/libzephyr.a(log_backend_uart.c.obj)
 .text.dropped  0x0000000008004398        0xc zephyr/libzephyr.a(log_backend_uart.c.obj)
 .text.process  0x00000000080043a4       0x24 zephyr/libzephyr.a(log_backend_uart.c.obj)
 .text.char_out
                0x00000000080043c8       0x24 zephyr/libzephyr.a(log_backend_uart.c.obj)
 .text.log_backend_uart_init
                0x00000000080043ec       0x30 zephyr/libzephyr.a(log_backend_uart.c.obj)
 .text.cfb_print
                0x000000000800441c      0x1b4 zephyr/libzephyr.a(cfb.c.obj)
                0x000000000800441c                cfb_print
 .text.cfb_framebuffer_clear
                0x00000000080045d0       0x20 zephyr/libzephyr.a(cfb.c.obj)
                0x00000000080045d0                cfb_framebuffer_clear
 .text.cfb_framebuffer_finalize
                0x00000000080045f0       0x64 zephyr/libzephyr.a(cfb.c.obj)
                0x00000000080045f0                cfb_framebuffer_finalize
 .text.cfb_framebuffer_set_font
                0x0000000008004654       0x18 zephyr/libzephyr.a(cfb.c.obj)
                0x0000000008004654                cfb_framebuffer_set_font
 .text.cfb_framebuffer_init
                0x000000000800466c       0xac zephyr/libzephyr.a(cfb.c.obj)
                0x000000000800466c                cfb_framebuffer_init
 .text.z_arm_cpu_idle_init
                0x0000000008004718        0xc zephyr/arch/arch/arm/core/aarch32/libarch__arm__core__aarch32.a(cpu_idle.S.obj)
                0x0000000008004718                z_arm_cpu_idle_init
 .text.arch_cpu_idle
                0x0000000008004724       0x1c zephyr/arch/arch/arm/core/aarch32/libarch__arm__core__aarch32.a(cpu_idle.S.obj)
                0x0000000008004724                arch_cpu_idle
 .text.z_arm_fatal_error
                0x0000000008004740       0xcc zephyr/arch/arch/arm/core/aarch32/libarch__arm__core__aarch32.a(fatal.c.obj)
                0x0000000008004740                z_arm_fatal_error
 .text.arch_irq_enable
                0x000000000800480c       0x1c zephyr/arch/arch/arm/core/aarch32/libarch__arm__core__aarch32.a(irq_manage.c.obj)
                0x000000000800480c                arch_irq_enable
 .text.z_arm_irq_priority_set
                0x0000000008004828       0x68 zephyr/arch/arch/arm/core/aarch32/libarch__arm__core__aarch32.a(irq_manage.c.obj)
                0x0000000008004828                z_arm_irq_priority_set
 .text.z_SysNmiOnReset
                0x0000000008004890        0x8 zephyr/arch/arch/arm/core/aarch32/libarch__arm__core__aarch32.a(nmi_on_reset.S.obj)
                0x0000000008004890                z_SysNmiOnReset
 .text.z_arm_prep_c
                0x0000000008004898       0x48 zephyr/arch/arch/arm/core/aarch32/libarch__arm__core__aarch32.a(prep_c.c.obj)
                0x0000000008004898                z_arm_prep_c
 .text.arch_swap
                0x00000000080048e0       0x34 zephyr/arch/arch/arm/core/aarch32/libarch__arm__core__aarch32.a(swap.c.obj)
                0x00000000080048e0                arch_swap
 .text.z_arm_pendsv
                0x0000000008004914       0x54 zephyr/arch/arch/arm/core/aarch32/libarch__arm__core__aarch32.a(swap_helper.S.obj)
                0x0000000008004914                z_arm_pendsv
 .text.z_arm_svc
                0x0000000008004968       0x20 zephyr/arch/arch/arm/core/aarch32/libarch__arm__core__aarch32.a(swap_helper.S.obj)
                0x0000000008004968                z_arm_svc
 .text.arch_new_thread
                0x0000000008004988       0x38 zephyr/arch/arch/arm/core/aarch32/libarch__arm__core__aarch32.a(thread.c.obj)
                0x0000000008004988                arch_new_thread
 .text.z_check_thread_stack_fail
                0x00000000080049c0       0x2c zephyr/arch/arch/arm/core/aarch32/libarch__arm__core__aarch32.a(thread.c.obj)
                0x00000000080049c0                z_check_thread_stack_fail
 .text.arch_switch_to_main_thread
                0x00000000080049ec       0x2c zephyr/arch/arch/arm/core/aarch32/libarch__arm__core__aarch32.a(thread.c.obj)
                0x00000000080049ec                arch_switch_to_main_thread
 .text._isr_wrapper
                0x0000000008004a18       0x28 zephyr/arch/arch/arm/core/aarch32/libarch__arm__core__aarch32.a(isr_wrapper.S.obj)
                0x0000000008004a18                _isr_wrapper
 .text._HandlerModeExit
                0x0000000008004a40       0x1c zephyr/arch/arch/arm/core/aarch32/cortex_m/libarch__arm__core__aarch32__cortex_m.a(exc_exit.S.obj)
                0x0000000008004a40                z_arm_int_exit
                0x0000000008004a40                z_arm_exc_exit
 .text.bus_fault.constprop.0
                0x0000000008004a5c      0x130 zephyr/arch/arch/arm/core/aarch32/cortex_m/libarch__arm__core__aarch32__cortex_m.a(fault.c.obj)
 .text.usage_fault.constprop.0
                0x0000000008004b8c       0xf8 zephyr/arch/arch/arm/core/aarch32/cortex_m/libarch__arm__core__aarch32__cortex_m.a(fault.c.obj)
 .text.mem_manage_fault
                0x0000000008004c84      0x1b0 zephyr/arch/arch/arm/core/aarch32/cortex_m/libarch__arm__core__aarch32__cortex_m.a(fault.c.obj)
 .text.z_arm_fault
                0x0000000008004e34      0x28c zephyr/arch/arch/arm/core/aarch32/cortex_m/libarch__arm__core__aarch32__cortex_m.a(fault.c.obj)
                0x0000000008004e34                z_arm_fault
 .text.z_arm_fault_init
                0x00000000080050c0       0x10 zephyr/arch/arch/arm/core/aarch32/cortex_m/libarch__arm__core__aarch32__cortex_m.a(fault.c.obj)
                0x00000000080050c0                z_arm_fault_init
 .text.__fault  0x00000000080050d0       0x14 zephyr/arch/arch/arm/core/aarch32/cortex_m/libarch__arm__core__aarch32__cortex_m.a(fault_s.S.obj)
                0x00000000080050d0                z_arm_usage_fault
                0x00000000080050d0                z_arm_mpu_fault
                0x00000000080050d0                z_arm_exc_spurious
                0x00000000080050d0                z_arm_debug_monitor
                0x00000000080050d0                z_arm_hard_fault
                0x00000000080050d0                z_arm_bus_fault
 .text.z_arm_interrupt_init
                0x00000000080050e4       0x18 zephyr/arch/arch/arm/core/aarch32/cortex_m/libarch__arm__core__aarch32__cortex_m.a(irq_init.c.obj)
                0x00000000080050e4                z_arm_interrupt_init
 .text._reset_section
                0x00000000080050fc       0x2c zephyr/arch/arch/arm/core/aarch32/cortex_m/libarch__arm__core__aarch32__cortex_m.a(reset.S.obj)
                0x00000000080050fc                __start
                0x00000000080050fc                z_arm_reset
 .text.z_impl_k_thread_abort
                0x0000000008005128       0x2c zephyr/arch/arch/arm/core/aarch32/cortex_m/libarch__arm__core__aarch32__cortex_m.a(thread_abort.c.obj)
                0x0000000008005128                z_impl_k_thread_abort
 .text.z_arm_configure_static_mpu_regions
                0x0000000008005154       0x18 zephyr/arch/arch/arm/core/aarch32/mpu/libarch__arm__core__aarch32__mpu.a(arm_core_mpu.c.obj)
                0x0000000008005154                z_arm_configure_static_mpu_regions
 .text.z_arm_configure_dynamic_mpu_regions
                0x000000000800516c       0x20 zephyr/arch/arch/arm/core/aarch32/mpu/libarch__arm__core__aarch32__mpu.a(arm_core_mpu.c.obj)
                0x000000000800516c                z_arm_configure_dynamic_mpu_regions
 .text.mpu_configure_regions
                0x000000000800518c       0xcc zephyr/arch/arch/arm/core/aarch32/mpu/libarch__arm__core__aarch32__mpu.a(arm_mpu.c.obj)
 .text.arm_core_mpu_enable
                0x0000000008005258       0x18 zephyr/arch/arch/arm/core/aarch32/mpu/libarch__arm__core__aarch32__mpu.a(arm_mpu.c.obj)
                0x0000000008005258                arm_core_mpu_enable
 .text.arm_core_mpu_disable
                0x0000000008005270       0x14 zephyr/arch/arch/arm/core/aarch32/mpu/libarch__arm__core__aarch32__mpu.a(arm_mpu.c.obj)
                0x0000000008005270                arm_core_mpu_disable
 .text.arm_core_mpu_configure_static_mpu_regions
                0x0000000008005284       0x4c zephyr/arch/arch/arm/core/aarch32/mpu/libarch__arm__core__aarch32__mpu.a(arm_mpu.c.obj)
                0x0000000008005284                arm_core_mpu_configure_static_mpu_regions
 .text.arm_core_mpu_configure_dynamic_mpu_regions
                0x00000000080052d0       0x64 zephyr/arch/arch/arm/core/aarch32/mpu/libarch__arm__core__aarch32__mpu.a(arm_mpu.c.obj)
                0x00000000080052d0                arm_core_mpu_configure_dynamic_mpu_regions
 .text.z_arm_mpu_init
                0x0000000008005334       0xbc zephyr/arch/arch/arm/core/aarch32/mpu/libarch__arm__core__aarch32__mpu.a(arm_mpu.c.obj)
                0x0000000008005334                z_arm_mpu_init
 .text.malloc_prepare
                0x00000000080053f0       0x44 zephyr/lib/libc/newlib/liblib__libc__newlib.a(libc-hooks.c.obj)
 .text.__stdout_hook_install
                0x0000000008005434        0xc zephyr/lib/libc/newlib/liblib__libc__newlib.a(libc-hooks.c.obj)
                0x0000000008005434                __stdout_hook_install
 .text.z_impl_zephyr_read_stdin
                0x0000000008005440       0x28 zephyr/lib/libc/newlib/liblib__libc__newlib.a(libc-hooks.c.obj)
                0x0000000008005440                z_impl_zephyr_read_stdin
 .text.z_impl_zephyr_write_stdout
                0x0000000008005468       0x30 zephyr/lib/libc/newlib/liblib__libc__newlib.a(libc-hooks.c.obj)
                0x0000000008005468                z_impl_zephyr_write_stdout
 .text._exit    0x0000000008005498       0x10 zephyr/lib/libc/newlib/liblib__libc__newlib.a(libc-hooks.c.obj)
                0x0000000008005498                _exit
 .text._sbrk    0x00000000080054a8       0x28 zephyr/lib/libc/newlib/liblib__libc__newlib.a(libc-hooks.c.obj)
                0x00000000080054a8                sbrk
                0x00000000080054a8                _sbrk
 .text.__retarget_lock_init_recursive
                0x00000000080054d0       0x60 zephyr/lib/libc/newlib/liblib__libc__newlib.a(libc-hooks.c.obj)
                0x00000000080054d0                __retarget_lock_init_recursive
 .text.__retarget_lock_acquire_recursive
                0x0000000008005530       0x38 zephyr/lib/libc/newlib/liblib__libc__newlib.a(libc-hooks.c.obj)
                0x0000000008005530                __retarget_lock_acquire_recursive
 .text.__retarget_lock_release_recursive
                0x0000000008005568       0x30 zephyr/lib/libc/newlib/liblib__libc__newlib.a(libc-hooks.c.obj)
                0x0000000008005568                __retarget_lock_release_recursive
 .text.__chk_fail
                0x0000000008005598       0x1c zephyr/lib/libc/newlib/liblib__libc__newlib.a(libc-hooks.c.obj)
                0x0000000008005598                __chk_fail
 .text.smf_set_state
                0x00000000080055b4       0x78 zephyr/lib/smf/liblib__smf.a(smf.c.obj)
                0x00000000080055b4                smf_set_state
 .text.__stm32_exti_isr.isra.0
                0x000000000800562c       0x40 zephyr/drivers/interrupt_controller/libdrivers__interrupt_controller.a(intc_exti_stm32.c.obj)
 .text.stm32_exti_enable
                0x000000000800566c       0x1c zephyr/drivers/interrupt_controller/libdrivers__interrupt_controller.a(intc_exti_stm32.c.obj)
                0x000000000800566c                stm32_exti_enable
 .text.stm32_exti_disable
                0x0000000008005688       0x18 zephyr/drivers/interrupt_controller/libdrivers__interrupt_controller.a(intc_exti_stm32.c.obj)
                0x0000000008005688                stm32_exti_disable
 .text.stm32_exti_trigger
                0x00000000080056a0       0x60 zephyr/drivers/interrupt_controller/libdrivers__interrupt_controller.a(intc_exti_stm32.c.obj)
                0x00000000080056a0                stm32_exti_trigger
 .text.stm32_exti_set_callback
                0x0000000008005700       0x24 zephyr/drivers/interrupt_controller/libdrivers__interrupt_controller.a(intc_exti_stm32.c.obj)
                0x0000000008005700                stm32_exti_set_callback
 .text.stm32_exti_unset_callback
                0x0000000008005724       0x14 zephyr/drivers/interrupt_controller/libdrivers__interrupt_controller.a(intc_exti_stm32.c.obj)
                0x0000000008005724                stm32_exti_unset_callback
 .text.adc_stm32_channel_setup
                0x0000000008005738      0x138 zephyr/drivers/adc/libdrivers__adc.a(adc_stm32.c.obj)
 .text.adc_stm32_unset_common_path.isra.0
                0x0000000008005870       0x38 zephyr/drivers/adc/libdrivers__adc.a(adc_stm32.c.obj)
 .text.adc_stm32_set_common_path.isra.0
                0x00000000080058a8       0x34 zephyr/drivers/adc/libdrivers__adc.a(adc_stm32.c.obj)
 .text.adc_stm32_read
                0x00000000080058dc      0x32c zephyr/drivers/adc/libdrivers__adc.a(adc_stm32.c.obj)
 .text.adc_stm32_init
                0x0000000008005c08      0x15c zephyr/drivers/adc/libdrivers__adc.a(adc_stm32.c.obj)
 .text.stm32_clock_control_get_subsys_rate
                0x0000000008005d64       0x54 zephyr/drivers/clock_control/libdrivers__clock_control.a(clock_stm32_ll_common.c.obj)
 .text.stm32_clock_control_init
                0x0000000008005db8       0xe8 zephyr/drivers/clock_control/libdrivers__clock_control.a(clock_stm32_ll_common.c.obj)
                0x0000000008005db8                stm32_clock_control_init
 .text.config_pll_sysclock
                0x0000000008005ea0       0x1c zephyr/drivers/clock_control/libdrivers__clock_control.a(clock_stm32f0_f3.c.obj)
                0x0000000008005ea0                config_pll_sysclock
 .text.get_pllout_frequency
                0x0000000008005ebc       0x20 zephyr/drivers/clock_control/libdrivers__clock_control.a(clock_stm32f0_f3.c.obj)
                0x0000000008005ebc                get_pllout_frequency
 .text.uart_console_init
                0x0000000008005edc       0x28 zephyr/drivers/console/libdrivers__console.a(uart_console.c.obj)
 .text.console_out
                0x0000000008005f04       0x28 zephyr/drivers/console/libdrivers__console.a(uart_console.c.obj)
 .text.ssd1306_get_capabilities
                0x0000000008005f2c       0x1c zephyr/drivers/display/libdrivers__display.a(ssd1306.c.obj)
 .text.ssd1306_read
                0x0000000008005f48       0x28 zephyr/drivers/display/libdrivers__display.a(ssd1306.c.obj)
 .text.ssd1306_get_framebuffer
                0x0000000008005f70       0x28 zephyr/drivers/display/libdrivers__display.a(ssd1306.c.obj)
 .text.ssd1306_set_brightness
                0x0000000008005f98       0x28 zephyr/drivers/display/libdrivers__display.a(ssd1306.c.obj)
 .text.ssd1306_set_pixel_format.part.0
                0x0000000008005fc0       0x28 zephyr/drivers/display/libdrivers__display.a(ssd1306.c.obj)
 .text.ssd1306_set_orientation
                0x0000000008005fe8       0x28 zephyr/drivers/display/libdrivers__display.a(ssd1306.c.obj)
 .text.ssd1306_write
                0x0000000008006010       0xdc zephyr/drivers/display/libdrivers__display.a(ssd1306.c.obj)
 .text.gpio_pin_set.isra.0
                0x00000000080060ec       0x5c zephyr/drivers/display/libdrivers__display.a(ssd1306.c.obj)
 .text.ssd1306_init
                0x0000000008006148      0x21c zephyr/drivers/display/libdrivers__display.a(ssd1306.c.obj)
 .text.gpio_stm32_manage_callback
                0x0000000008006364       0xa4 zephyr/drivers/gpio/libdrivers__gpio.a(gpio_stm32.c.obj)
 .text.gpio_stm32_init
                0x0000000008006408       0x30 zephyr/drivers/gpio/libdrivers__gpio.a(gpio_stm32.c.obj)
 .text.gpio_stm32_isr
                0x0000000008006438       0x58 zephyr/drivers/gpio/libdrivers__gpio.a(gpio_stm32.c.obj)
 .text.gpio_stm32_pin_interrupt_configure
                0x0000000008006490      0x104 zephyr/drivers/gpio/libdrivers__gpio.a(gpio_stm32.c.obj)
 .text.msg_init
                0x0000000008006594       0x9c zephyr/drivers/i2c/libdrivers__i2c.a(i2c_ll_stm32_v2.c.obj)
 .text.stm32_i2c_configure_timing
                0x0000000008006630      0x150 zephyr/drivers/i2c/libdrivers__i2c.a(i2c_ll_stm32_v2.c.obj)
                0x0000000008006630                stm32_i2c_configure_timing
 .text.i2c_stm32_init
                0x0000000008006780      0x190 zephyr/drivers/i2c/libdrivers__i2c.a(i2c_ll_stm32.c.obj)
 .text.uart_stm32_set_baudrate.part.0
                0x0000000008006910       0x30 zephyr/drivers/serial/libdrivers__serial.a(uart_stm32.c.obj)
 .text.uart_stm32_set_baudrate
                0x0000000008006940       0x64 zephyr/drivers/serial/libdrivers__serial.a(uart_stm32.c.obj)
 .text.uart_stm32_configure
                0x00000000080069a4      0x1bc zephyr/drivers/serial/libdrivers__serial.a(uart_stm32.c.obj)
 .text.uart_stm32_init
                0x0000000008006b60      0x190 zephyr/drivers/serial/libdrivers__serial.a(uart_stm32.c.obj)
 .text.elapsed  0x0000000008006cf0       0x3c zephyr/drivers/timer/libdrivers__timer.a(cortex_m_systick.c.obj)
 .text.sys_clock_driver_init
                0x0000000008006d2c       0x34 zephyr/drivers/timer/libdrivers__timer.a(cortex_m_systick.c.obj)
 .text.sys_clock_isr
                0x0000000008006d60       0x44 zephyr/drivers/timer/libdrivers__timer.a(cortex_m_systick.c.obj)
                0x0000000008006d60                sys_clock_isr
 .text.sys_clock_set_timeout
                0x0000000008006da4      0x144 zephyr/drivers/timer/libdrivers__timer.a(cortex_m_systick.c.obj)
                0x0000000008006da4                sys_clock_set_timeout
 .text.sys_clock_elapsed
                0x0000000008006ee8       0xa4 zephyr/drivers/timer/libdrivers__timer.a(cortex_m_systick.c.obj)
                0x0000000008006ee8                sys_clock_elapsed
 .text.sys_clock_cycle_get_32
                0x0000000008006f8c       0x94 zephyr/drivers/timer/libdrivers__timer.a(cortex_m_systick.c.obj)
                0x0000000008006f8c                sys_clock_cycle_get_32
 .text.pinctrl_configure_pins
                0x0000000008007020       0xb4 zephyr/drivers/pinctrl/libdrivers__pinctrl.a(pinctrl_stm32.c.obj)
                0x0000000008007020                pinctrl_configure_pins
 .text.HAL_RCC_GetSysClockFreq
                0x00000000080070d4       0x58 modules/stm32/stm32cube/lib..__modules__hal__stm32__stm32cube.a(stm32f3xx_hal_rcc.c.obj)
                0x00000000080070d4                HAL_RCC_GetSysClockFreq
 .text.RCC_GetHCLKClockFreq
                0x000000000800712c       0x18 modules/stm32/stm32cube/lib..__modules__hal__stm32__stm32cube.a(stm32f3xx_ll_rcc.c.obj)
                0x000000000800712c                RCC_GetHCLKClockFreq
 .text.RCC_GetPCLK1ClockFreq
                0x0000000008007144       0x18 modules/stm32/stm32cube/lib..__modules__hal__stm32__stm32cube.a(stm32f3xx_ll_rcc.c.obj)
                0x0000000008007144                RCC_GetPCLK1ClockFreq
 .text.RCC_GetPCLK2ClockFreq
                0x000000000800715c       0x18 modules/stm32/stm32cube/lib..__modules__hal__stm32__stm32cube.a(stm32f3xx_ll_rcc.c.obj)
                0x000000000800715c                RCC_GetPCLK2ClockFreq
 .text.RCC_PLL_GetFreqDomain_SYS
                0x0000000008007174       0x34 modules/stm32/stm32cube/lib..__modules__hal__stm32__stm32cube.a(stm32f3xx_ll_rcc.c.obj)
                0x0000000008007174                RCC_PLL_GetFreqDomain_SYS
 .text.RCC_GetSystemClockFreq
                0x00000000080071a8       0x1c modules/stm32/stm32cube/lib..__modules__hal__stm32__stm32cube.a(stm32f3xx_ll_rcc.c.obj)
                0x00000000080071a8                RCC_GetSystemClockFreq
 .text.LL_SetFlashLatency
                0x00000000080071c4       0x4c modules/stm32/stm32cube/lib..__modules__hal__stm32__stm32cube.a(stm32f3xx_ll_utils.c.obj)
                0x00000000080071c4                LL_SetFlashLatency
 .text.z_sys_init_run_level
                0x0000000008007210       0x44 zephyr/kernel/libkernel.a(device.c.obj)
                0x0000000008007210                z_sys_init_run_level
 .text.k_sys_fatal_error_handler
                0x0000000008007254       0x30 zephyr/kernel/libkernel.a(fatal.c.obj)
                0x0000000008007254                k_sys_fatal_error_handler
 .text.z_fatal_error
                0x0000000008007284      0x128 zephyr/kernel/libkernel.a(fatal.c.obj)
                0x0000000008007284                z_fatal_error
 .text.bg_thread_main
                0x00000000080073ac       0x34 zephyr/kernel/libkernel.a(init.c.obj)
 .text.z_bss_zero
                0x00000000080073e0       0x18 zephyr/kernel/libkernel.a(init.c.obj)
                0x00000000080073e0                z_bss_zero
 .text.z_init_cpu
                0x00000000080073f8       0x70 zephyr/kernel/libkernel.a(init.c.obj)
                0x00000000080073f8                z_init_cpu
 .text.z_cstart
                0x0000000008007468       0xd8 zephyr/kernel/libkernel.a(init.c.obj)
                0x0000000008007468                z_cstart
 .text.z_setup_new_thread
                0x0000000008007540       0xb0 zephyr/kernel/libkernel.a(thread.c.obj)
                0x0000000008007540                z_setup_new_thread
 .text.z_impl_k_thread_create
                0x00000000080075f0       0x8c zephyr/kernel/libkernel.a(thread.c.obj)
                0x00000000080075f0                z_impl_k_thread_create
 .text.z_init_static_threads
                0x000000000800767c       0xe4 zephyr/kernel/libkernel.a(thread.c.obj)
                0x000000000800767c                z_init_static_threads
 .text.z_spin_lock_valid
                0x0000000008007760       0x1c zephyr/kernel/libkernel.a(thread.c.obj)
                0x0000000008007760                z_spin_lock_valid
 .text.z_spin_unlock_valid
                0x000000000800777c       0x20 zephyr/kernel/libkernel.a(thread.c.obj)
                0x000000000800777c                z_spin_unlock_valid
 .text.z_spin_lock_set_owner
                0x000000000800779c       0x10 zephyr/kernel/libkernel.a(thread.c.obj)
                0x000000000800779c                z_spin_lock_set_owner
 .text.idle     0x00000000080077ac       0x48 zephyr/kernel/libkernel.a(idle.c.obj)
                0x00000000080077ac                idle
 .text.z_impl_k_mutex_lock
                0x00000000080077f4      0x1a0 zephyr/kernel/libkernel.a(mutex.c.obj)
                0x00000000080077f4                z_impl_k_mutex_lock
 .text.z_impl_k_mutex_unlock
                0x0000000008007994      0x11c zephyr/kernel/libkernel.a(mutex.c.obj)
                0x0000000008007994                z_impl_k_mutex_unlock
 .text.z_impl_k_sem_give
                0x0000000008007ab0       0x7c zephyr/kernel/libkernel.a(sem.c.obj)
                0x0000000008007ab0                z_impl_k_sem_give
 .text.z_impl_k_sem_take
                0x0000000008007b2c       0xf4 zephyr/kernel/libkernel.a(sem.c.obj)
                0x0000000008007b2c                z_impl_k_sem_take
 .text.z_reset_time_slice
                0x0000000008007c20       0x28 zephyr/kernel/libkernel.a(sched.c.obj)
                0x0000000008007c20                z_reset_time_slice
 .text.update_cache
                0x0000000008007c48       0x68 zephyr/kernel/libkernel.a(sched.c.obj)
 .text.ready_thread
                0x0000000008007cb0       0x94 zephyr/kernel/libkernel.a(sched.c.obj)
 .text.k_sched_time_slice_set
                0x0000000008007d44       0xb8 zephyr/kernel/libkernel.a(sched.c.obj)
                0x0000000008007d44                k_sched_time_slice_set
 .text.z_ready_thread
                0x0000000008007dfc       0x8c zephyr/kernel/libkernel.a(sched.c.obj)
                0x0000000008007dfc                z_ready_thread
 .text.z_unpend_thread_no_timeout
                0x0000000008007e88       0x8c zephyr/kernel/libkernel.a(sched.c.obj)
                0x0000000008007e88                z_unpend_thread_no_timeout
 .text.z_reschedule
                0x0000000008007f14       0x84 zephyr/kernel/libkernel.a(sched.c.obj)
                0x0000000008007f14                z_reschedule
 .text.z_sched_start
                0x0000000008007f98       0xa4 zephyr/kernel/libkernel.a(sched.c.obj)
                0x0000000008007f98                z_sched_start
 .text.k_sched_lock
                0x000000000800803c       0xd8 zephyr/kernel/libkernel.a(sched.c.obj)
                0x000000000800803c                k_sched_lock
 .text.k_sched_unlock
                0x0000000008008114       0xe8 zephyr/kernel/libkernel.a(sched.c.obj)
                0x0000000008008114                k_sched_unlock
 .text.z_priq_dumb_remove
                0x00000000080081fc       0x40 zephyr/kernel/libkernel.a(sched.c.obj)
                0x00000000080081fc                z_priq_dumb_remove
 .text.move_thread_to_end_of_prio_q
                0x000000000800823c       0xa4 zephyr/kernel/libkernel.a(sched.c.obj)
 .text.z_time_slice
                0x00000000080082e0       0xec zephyr/kernel/libkernel.a(sched.c.obj)
                0x00000000080082e0                z_time_slice
 .text.unready_thread
                0x00000000080083cc       0x38 zephyr/kernel/libkernel.a(sched.c.obj)
 .text.add_to_waitq_locked
                0x0000000008008404       0x7c zephyr/kernel/libkernel.a(sched.c.obj)
 .text.pend     0x0000000008008480       0xb8 zephyr/kernel/libkernel.a(sched.c.obj)
 .text.z_pend_curr
                0x0000000008008538       0x60 zephyr/kernel/libkernel.a(sched.c.obj)
                0x0000000008008538                z_pend_curr
 .text.z_set_prio
                0x0000000008008598      0x124 zephyr/kernel/libkernel.a(sched.c.obj)
                0x0000000008008598                z_set_prio
 .text.z_impl_k_thread_suspend
                0x00000000080086bc       0xd0 zephyr/kernel/libkernel.a(sched.c.obj)
                0x00000000080086bc                z_impl_k_thread_suspend
 .text.unpend_thread_no_timeout
                0x000000000800878c       0x40 zephyr/kernel/libkernel.a(sched.c.obj)
 .text.z_thread_timeout
                0x00000000080087cc       0xb0 zephyr/kernel/libkernel.a(sched.c.obj)
                0x00000000080087cc                z_thread_timeout
 .text.z_unpend1_no_timeout
                0x000000000800887c       0x98 zephyr/kernel/libkernel.a(sched.c.obj)
                0x000000000800887c                z_unpend1_no_timeout
 .text.z_unpend_first_thread
                0x0000000008008914       0xa0 zephyr/kernel/libkernel.a(sched.c.obj)
                0x0000000008008914                z_unpend_first_thread
 .text.z_sched_init
                0x00000000080089b4       0x18 zephyr/kernel/libkernel.a(sched.c.obj)
                0x00000000080089b4                z_sched_init
 .text.z_impl_k_yield
                0x00000000080089cc      0x130 zephyr/kernel/libkernel.a(sched.c.obj)
                0x00000000080089cc                z_impl_k_yield
 .text.z_tick_sleep
                0x0000000008008afc      0x144 zephyr/kernel/libkernel.a(sched.c.obj)
 .text.z_impl_k_sleep
                0x0000000008008c40       0x64 zephyr/kernel/libkernel.a(sched.c.obj)
                0x0000000008008c40                z_impl_k_sleep
 .text.z_impl_z_current_get
                0x0000000008008ca4        0xc zephyr/kernel/libkernel.a(sched.c.obj)
                0x0000000008008ca4                z_impl_z_current_get
 .text.z_thread_abort
                0x0000000008008cb0      0x190 zephyr/kernel/libkernel.a(sched.c.obj)
                0x0000000008008cb0                z_thread_abort
 .text.z_data_copy
                0x0000000008008e40       0x34 zephyr/kernel/libkernel.a(xip.c.obj)
                0x0000000008008e40                z_data_copy
 .text.elapsed  0x0000000008008e74       0x14 zephyr/kernel/libkernel.a(timeout.c.obj)
 .text.next_timeout
                0x0000000008008e88       0x50 zephyr/kernel/libkernel.a(timeout.c.obj)
 .text.remove_timeout
                0x0000000008008ed8       0x38 zephyr/kernel/libkernel.a(timeout.c.obj)
 .text.z_add_timeout
                0x0000000008008f10      0x18c zephyr/kernel/libkernel.a(timeout.c.obj)
                0x0000000008008f10                z_add_timeout
 .text.z_abort_timeout
                0x000000000800909c       0x98 zephyr/kernel/libkernel.a(timeout.c.obj)
                0x000000000800909c                z_abort_timeout
 .text.z_set_timeout_expiry
                0x0000000008009134       0xa0 zephyr/kernel/libkernel.a(timeout.c.obj)
                0x0000000008009134                z_set_timeout_expiry
 .text.sys_clock_announce
                0x00000000080091d4      0x140 zephyr/kernel/libkernel.a(timeout.c.obj)
                0x00000000080091d4                sys_clock_announce
 .text.sys_clock_tick_get
                0x0000000008009314       0x9c zephyr/kernel/libkernel.a(timeout.c.obj)
                0x0000000008009314                sys_clock_tick_get
 .text.z_impl_k_busy_wait
                0x00000000080093b0       0x30 zephyr/kernel/libkernel.a(timeout.c.obj)
                0x00000000080093b0                z_impl_k_busy_wait
 .text.z_timer_expiration_handler
                0x00000000080093e0      0x15c zephyr/kernel/libkernel.a(timer.c.obj)
                0x00000000080093e0                z_timer_expiration_handler
 .text.z_impl_k_timer_start
                0x000000000800953c       0x98 zephyr/kernel/libkernel.a(timer.c.obj)
                0x000000000800953c                z_impl_k_timer_start
 .text.z_heap_aligned_alloc
                0x00000000080095d4       0x68 zephyr/kernel/libkernel.a(mempool.c.obj)
 .text.k_aligned_alloc
                0x000000000800963c       0x6c zephyr/kernel/libkernel.a(mempool.c.obj)
                0x000000000800963c                k_aligned_alloc
 .text.k_thread_system_pool_assign
                0x00000000080096a8        0xc zephyr/kernel/libkernel.a(mempool.c.obj)
                0x00000000080096a8                k_thread_system_pool_assign
 .text.boot_banner
                0x00000000080096b4       0x18 zephyr/kernel/libkernel.a(banner.c.obj)
                0x00000000080096b4                boot_banner
 .text.statics_init
                0x00000000080096cc       0x50 zephyr/kernel/libkernel.a(kheap.c.obj)
 .text.k_heap_aligned_alloc
                0x000000000800971c      0x12c zephyr/kernel/libkernel.a(kheap.c.obj)
                0x000000000800971c                k_heap_aligned_alloc
 .text.fprintf  0x0000000008009848       0x24 C:/Users/Ricardo/zephyr-sdk-0.15.0/arm-zephyr-eabi/arm-zephyr-eabi/lib/thumb/v7e-m/nofp\libc_nano.a(lib_a-fprintf.o)
                0x0000000008009848                fiprintf
                0x0000000008009848                fprintf
 .text.malloc   0x000000000800986c       0x10 C:/Users/Ricardo/zephyr-sdk-0.15.0/arm-zephyr-eabi/arm-zephyr-eabi/lib/thumb/v7e-m/nofp\libc_nano.a(lib_a-malloc.o)
                0x000000000800986c                malloc
 .text._free_r  0x000000000800987c       0x94 C:/Users/Ricardo/zephyr-sdk-0.15.0/arm-zephyr-eabi/arm-zephyr-eabi/lib/thumb/v7e-m/nofp\libc_nano.a(lib_a-nano-freer.o)
                0x000000000800987c                _free_r
 .text._malloc_r
                0x0000000008009910       0xb4 C:/Users/Ricardo/zephyr-sdk-0.15.0/arm-zephyr-eabi/arm-zephyr-eabi/lib/thumb/v7e-m/nofp\libc_nano.a(lib_a-nano-mallocr.o)
                0x0000000008009910                _malloc_r
 .text._vfprintf_r
                0x00000000080099c4      0x258 C:/Users/Ricardo/zephyr-sdk-0.15.0/arm-zephyr-eabi/arm-zephyr-eabi/lib/thumb/v7e-m/nofp\libc_nano.a(lib_a-nano-vfprintf.o)
                0x00000000080099c4                _vfprintf_r
                0x00000000080099c4                _vfiprintf_r
 .text._printf_float
                0x0000000008009c1c      0x46c C:/Users/Ricardo/zephyr-sdk-0.15.0/arm-zephyr-eabi/arm-zephyr-eabi/lib/thumb/v7e-m/nofp\libc_nano.a(lib_a-nano-vfprintf_float.o)
                0x0000000008009c1c                _printf_float
 .text._printf_i
                0x000000000800a088      0x25c C:/Users/Ricardo/zephyr-sdk-0.15.0/arm-zephyr-eabi/arm-zephyr-eabi/lib/thumb/v7e-m/nofp\libc_nano.a(lib_a-nano-vfprintf_i.o)
                0x000000000800a088                _printf_i
 .text.printf   0x000000000800a2e4       0x30 C:/Users/Ricardo/zephyr-sdk-0.15.0/arm-zephyr-eabi/arm-zephyr-eabi/lib/thumb/v7e-m/nofp\libc_nano.a(lib_a-printf.o)
                0x000000000800a2e4                iprintf
                0x000000000800a2e4                printf
 .text._sbrk_r  0x000000000800a314       0x20 C:/Users/Ricardo/zephyr-sdk-0.15.0/arm-zephyr-eabi/arm-zephyr-eabi/lib/thumb/v7e-m/nofp\libc_nano.a(lib_a-sbrkr.o)
                0x000000000800a314                _sbrk_r
 .text.vsnprintf
                0x000000000800a334       0x1c C:/Users/Ricardo/zephyr-sdk-0.15.0/arm-zephyr-eabi/arm-zephyr-eabi/lib/thumb/v7e-m/nofp\libc_nano.a(lib_a-vsnprintf.o)
                0x000000000800a334                vsniprintf
                0x000000000800a334                vsnprintf
 .text._vsprintf_r
                0x000000000800a350       0x2c C:/Users/Ricardo/zephyr-sdk-0.15.0/arm-zephyr-eabi/arm-zephyr-eabi/lib/thumb/v7e-m/nofp\libc_nano.a(lib_a-vsprintf.o)
                0x000000000800a350                _vsprintf_r
                0x000000000800a350                _vsiprintf_r
 .text.vsprintf
                0x000000000800a37c       0x14 C:/Users/Ricardo/zephyr-sdk-0.15.0/arm-zephyr-eabi/arm-zephyr-eabi/lib/thumb/v7e-m/nofp\libc_nano.a(lib_a-vsprintf.o)
                0x000000000800a37c                vsiprintf
                0x000000000800a37c                vsprintf
 .text.__swbuf_r
                0x000000000800a390       0xa4 C:/Users/Ricardo/zephyr-sdk-0.15.0/arm-zephyr-eabi/arm-zephyr-eabi/lib/thumb/v7e-m/nofp\libc_nano.a(lib_a-wbuf.o)
                0x000000000800a390                __swbuf_r
 .text.__swsetup_r
                0x000000000800a434       0xd8 C:/Users/Ricardo/zephyr-sdk-0.15.0/arm-zephyr-eabi/arm-zephyr-eabi/lib/thumb/v7e-m/nofp\libc_nano.a(lib_a-wsetup.o)
                0x000000000800a434                __swsetup_r
 .text._fflush_r
                0x000000000800a50c       0x78 C:/Users/Ricardo/zephyr-sdk-0.15.0/arm-zephyr-eabi/arm-zephyr-eabi/lib/thumb/v7e-m/nofp\libc_nano.a(lib_a-fflush.o)
                0x000000000800a50c                _fflush_r
 .text.std      0x000000000800a584       0x48 C:/Users/Ricardo/zephyr-sdk-0.15.0/arm-zephyr-eabi/arm-zephyr-eabi/lib/thumb/v7e-m/nofp\libc_nano.a(lib_a-findfp.o)
 .text._cleanup_r
                0x000000000800a5cc        0xc C:/Users/Ricardo/zephyr-sdk-0.15.0/arm-zephyr-eabi/arm-zephyr-eabi/lib/thumb/v7e-m/nofp\libc_nano.a(lib_a-findfp.o)
                0x000000000800a5cc                _cleanup_r
 .text.__sfp_lock_acquire
                0x000000000800a5d8        0xc C:/Users/Ricardo/zephyr-sdk-0.15.0/arm-zephyr-eabi/arm-zephyr-eabi/lib/thumb/v7e-m/nofp\libc_nano.a(lib_a-findfp.o)
                0x000000000800a5d8                __sfp_lock_acquire
 .text.__sfp_lock_release
                0x000000000800a5e4        0xc C:/Users/Ricardo/zephyr-sdk-0.15.0/arm-zephyr-eabi/arm-zephyr-eabi/lib/thumb/v7e-m/nofp\libc_nano.a(lib_a-findfp.o)
                0x000000000800a5e4                __sfp_lock_release
 .text.__sinit_lock_acquire
                0x000000000800a5f0        0xc C:/Users/Ricardo/zephyr-sdk-0.15.0/arm-zephyr-eabi/arm-zephyr-eabi/lib/thumb/v7e-m/nofp\libc_nano.a(lib_a-findfp.o)
                0x000000000800a5f0                __sinit_lock_acquire
 .text.__sinit_lock_release
                0x000000000800a5fc        0xc C:/Users/Ricardo/zephyr-sdk-0.15.0/arm-zephyr-eabi/arm-zephyr-eabi/lib/thumb/v7e-m/nofp\libc_nano.a(lib_a-findfp.o)
                0x000000000800a5fc                __sinit_lock_release
 .text.__sinit  0x000000000800a608       0x70 C:/Users/Ricardo/zephyr-sdk-0.15.0/arm-zephyr-eabi/arm-zephyr-eabi/lib/thumb/v7e-m/nofp\libc_nano.a(lib_a-findfp.o)
                0x000000000800a608                __sinit
 .text.__sfp    0x000000000800a678       0x8c C:/Users/Ricardo/zephyr-sdk-0.15.0/arm-zephyr-eabi/arm-zephyr-eabi/lib/thumb/v7e-m/nofp\libc_nano.a(lib_a-findfp.o)
                0x000000000800a678                __sfp
 .text._localeconv_r
                0x000000000800a704        0x8 C:/Users/Ricardo/zephyr-sdk-0.15.0/arm-zephyr-eabi/arm-zephyr-eabi/lib/thumb/v7e-m/nofp\libc_nano.a(lib_a-localeconv.o)
                0x000000000800a704                _localeconv_r
 .text.__smakebuf_r
                0x000000000800a70c       0x80 C:/Users/Ricardo/zephyr-sdk-0.15.0/arm-zephyr-eabi/arm-zephyr-eabi/lib/thumb/v7e-m/nofp\libc_nano.a(lib_a-makebuf.o)
                0x000000000800a70c                __smakebuf_r
 .text.__malloc_lock
                0x000000000800a78c        0xc C:/Users/Ricardo/zephyr-sdk-0.15.0/arm-zephyr-eabi/arm-zephyr-eabi/lib/thumb/v7e-m/nofp\libc_nano.a(lib_a-mlock.o)
                0x000000000800a78c                __malloc_lock
 .text.__malloc_unlock
                0x000000000800a798        0xc C:/Users/Ricardo/zephyr-sdk-0.15.0/arm-zephyr-eabi/arm-zephyr-eabi/lib/thumb/v7e-m/nofp\libc_nano.a(lib_a-mlock.o)
                0x000000000800a798                __malloc_unlock
 .text._Balloc  0x000000000800a7a4       0x80 C:/Users/Ricardo/zephyr-sdk-0.15.0/arm-zephyr-eabi/arm-zephyr-eabi/lib/thumb/v7e-m/nofp\libc_nano.a(lib_a-mprec.o)
                0x000000000800a7a4                _Balloc
 .text._Bfree   0x000000000800a824       0x44 C:/Users/Ricardo/zephyr-sdk-0.15.0/arm-zephyr-eabi/arm-zephyr-eabi/lib/thumb/v7e-m/nofp\libc_nano.a(lib_a-mprec.o)
                0x000000000800a824                _Bfree
 .text.__multadd
                0x000000000800a868       0x8c C:/Users/Ricardo/zephyr-sdk-0.15.0/arm-zephyr-eabi/arm-zephyr-eabi/lib/thumb/v7e-m/nofp\libc_nano.a(lib_a-mprec.o)
                0x000000000800a868                __multadd
 .text.__i2b    0x000000000800a8f4       0x2c C:/Users/Ricardo/zephyr-sdk-0.15.0/arm-zephyr-eabi/arm-zephyr-eabi/lib/thumb/v7e-m/nofp\libc_nano.a(lib_a-mprec.o)
                0x000000000800a8f4                __i2b
 .text.__multiply
                0x000000000800a920      0x154 C:/Users/Ricardo/zephyr-sdk-0.15.0/arm-zephyr-eabi/arm-zephyr-eabi/lib/thumb/v7e-m/nofp\libc_nano.a(lib_a-mprec.o)
                0x000000000800a920                __multiply
 .text.__pow5mult
                0x000000000800aa74       0xb4 C:/Users/Ricardo/zephyr-sdk-0.15.0/arm-zephyr-eabi/arm-zephyr-eabi/lib/thumb/v7e-m/nofp\libc_nano.a(lib_a-mprec.o)
                0x000000000800aa74                __pow5mult
 .text.__lshift
                0x000000000800ab28       0xd8 C:/Users/Ricardo/zephyr-sdk-0.15.0/arm-zephyr-eabi/arm-zephyr-eabi/lib/thumb/v7e-m/nofp\libc_nano.a(lib_a-mprec.o)
                0x000000000800ab28                __lshift
 .text.__mdiff  0x000000000800ac00      0x124 C:/Users/Ricardo/zephyr-sdk-0.15.0/arm-zephyr-eabi/arm-zephyr-eabi/lib/thumb/v7e-m/nofp\libc_nano.a(lib_a-mprec.o)
                0x000000000800ac00                __mdiff
 .text.__d2b    0x000000000800ad24       0xb0 C:/Users/Ricardo/zephyr-sdk-0.15.0/arm-zephyr-eabi/arm-zephyr-eabi/lib/thumb/v7e-m/nofp\libc_nano.a(lib_a-mprec.o)
                0x000000000800ad24                __d2b
 .text._svfprintf_r
                0x000000000800add4      0x1f8 C:/Users/Ricardo/zephyr-sdk-0.15.0/arm-zephyr-eabi/arm-zephyr-eabi/lib/thumb/v7e-m/nofp\libc_nano.a(lib_a-nano-svfprintf.o)
                0x000000000800add4                _svfiprintf_r
                0x000000000800add4                _svfprintf_r
 .text._write_r
                0x000000000800afcc       0x24 C:/Users/Ricardo/zephyr-sdk-0.15.0/arm-zephyr-eabi/arm-zephyr-eabi/lib/thumb/v7e-m/nofp\libc_nano.a(lib_a-writer.o)
                0x000000000800afcc                _write_r
 .text.__assert_func
                0x000000000800aff0       0x3c C:/Users/Ricardo/zephyr-sdk-0.15.0/arm-zephyr-eabi/arm-zephyr-eabi/lib/thumb/v7e-m/nofp\libc_nano.a(lib_a-assert.o)
                0x000000000800aff0                __assert_func
 .text._close_r
                0x000000000800b02c       0x20 C:/Users/Ricardo/zephyr-sdk-0.15.0/arm-zephyr-eabi/arm-zephyr-eabi/lib/thumb/v7e-m/nofp\libc_nano.a(lib_a-closer.o)
                0x000000000800b02c                _close_r
 .text._fstat_r
                0x000000000800b04c       0x24 C:/Users/Ricardo/zephyr-sdk-0.15.0/arm-zephyr-eabi/arm-zephyr-eabi/lib/thumb/v7e-m/nofp\libc_nano.a(lib_a-fstatr.o)
                0x000000000800b04c                _fstat_r
 .text._isatty_r
                0x000000000800b070       0x20 C:/Users/Ricardo/zephyr-sdk-0.15.0/arm-zephyr-eabi/arm-zephyr-eabi/lib/thumb/v7e-m/nofp\libc_nano.a(lib_a-isattyr.o)
                0x000000000800b070                _isatty_r
 .text._lseek_r
                0x000000000800b090       0x24 C:/Users/Ricardo/zephyr-sdk-0.15.0/arm-zephyr-eabi/arm-zephyr-eabi/lib/thumb/v7e-m/nofp\libc_nano.a(lib_a-lseekr.o)
                0x000000000800b090                _lseek_r
 .text._read_r  0x000000000800b0b4       0x24 C:/Users/Ricardo/zephyr-sdk-0.15.0/arm-zephyr-eabi/arm-zephyr-eabi/lib/thumb/v7e-m/nofp\libc_nano.a(lib_a-readr.o)
                0x000000000800b0b4                _read_r
 .text.raise    0x000000000800b0d8       0x10 C:/Users/Ricardo/zephyr-sdk-0.15.0/arm-zephyr-eabi/arm-zephyr-eabi/lib/thumb/v7e-m/nofp\libc_nano.a(lib_a-signal.o)
                0x000000000800b0d8                raise
 .text._kill_r  0x000000000800b0e8       0x24 C:/Users/Ricardo/zephyr-sdk-0.15.0/arm-zephyr-eabi/arm-zephyr-eabi/lib/thumb/v7e-m/nofp\libc_nano.a(lib_a-signalr.o)
                0x000000000800b0e8                _kill_r
 .text._OffsetAbsSyms
                0x000000000800b10c        0x2 zephyr/CMakeFiles/offsets.dir/./arch/arm/core/offsets/offsets.c.obj
                0x000000000800b10c                _OffsetAbsSyms
 .text.st_alarms_run
                0x000000000800b10e        0x2 app/libapp.a(main.c.obj)
 .text.display_blanking_off.isra.0
                0x000000000800b110        0x6 app/libapp.a(main.c.obj)
 .text.k_msleep.isra.0
                0x000000000800b116        0xe app/libapp.a(main.c.obj)
 .text.st_idle_run
                0x000000000800b124        0x2 app/libapp.a(main.c.obj)
 .text.cbpprintf_external
                0x000000000800b126       0x5a zephyr/libzephyr.a(cbprintf_packaged.c.obj)
                0x000000000800b126                cbpprintf_external
 .text.arch_printk_char_out
                0x000000000800b180        0x4 zephyr/libzephyr.a(printk.c.obj)
                0x000000000800b180                arch_printk_char_out
 .text.str_out  0x000000000800b184       0x26 zephyr/libzephyr.a(printk.c.obj)
 .text.printk   0x000000000800b1aa       0x1a zephyr/libzephyr.a(printk.c.obj)
                0x000000000800b1aa                printk
 .text.snprintk
                0x000000000800b1c4       0x1a zephyr/libzephyr.a(printk.c.obj)
                0x000000000800b1c4                snprintk
 .text.z_thread_entry
                0x000000000800b1de       0x14 zephyr/libzephyr.a(thread_entry.c.obj)
                0x000000000800b1de                z_thread_entry
 .text.chunk_size
                0x000000000800b1f2        0xa zephyr/libzephyr.a(heap.c.obj)
 .text.free_list_add
                0x000000000800b1fc       0x4e zephyr/libzephyr.a(heap.c.obj)
 .text.free_list_remove_bidx
                0x000000000800b24a       0x3a zephyr/libzephyr.a(heap.c.obj)
 .text.alloc_chunk
                0x000000000800b284       0x6e zephyr/libzephyr.a(heap.c.obj)
 .text.split_chunks
                0x000000000800b2f2       0x34 zephyr/libzephyr.a(heap.c.obj)
 .text.sys_heap_alloc
                0x000000000800b326       0x52 zephyr/libzephyr.a(heap.c.obj)
                0x000000000800b326                sys_heap_alloc
 .text._ldiv5   0x000000000800b378       0x30 zephyr/libzephyr.a(cbprintf_complete.c.obj)
 .text._get_digit
                0x000000000800b3a8       0x2e zephyr/libzephyr.a(cbprintf_complete.c.obj)
 .text.outs     0x000000000800b3d6       0x2e zephyr/libzephyr.a(cbprintf_complete.c.obj)
 .text.assert_post_action
                0x000000000800b404        0xe zephyr/libzephyr.a(assert.c.obj)
                0x000000000800b404                assert_post_action
 .text.assert_print
                0x000000000800b412       0x1a zephyr/libzephyr.a(assert.c.obj)
                0x000000000800b412                assert_print
 .text.free_space
                0x000000000800b42c       0x22 zephyr/libzephyr.a(mpsc_pbuf.c.obj)
 .text.get_usage
                0x000000000800b44e       0x22 zephyr/libzephyr.a(mpsc_pbuf.c.obj)
 .text.idx_inc  0x000000000800b470       0x1c zephyr/libzephyr.a(mpsc_pbuf.c.obj)
 .text.add_skip_item
                0x000000000800b48c       0x2c zephyr/libzephyr.a(mpsc_pbuf.c.obj)
 .text.max_utilization_update
                0x000000000800b4b8       0x1a zephyr/libzephyr.a(mpsc_pbuf.c.obj)
 .text.drop_item_locked
                0x000000000800b4d2       0xb4 zephyr/libzephyr.a(mpsc_pbuf.c.obj)
 .text.mpsc_pbuf_is_pending
                0x000000000800b586       0x14 zephyr/libzephyr.a(mpsc_pbuf.c.obj)
                0x000000000800b586                mpsc_pbuf_is_pending
 .text._ConfigAbsSyms
                0x000000000800b59a        0x2 zephyr/libzephyr.a(configs.c.obj)
                0x000000000800b59a                _ConfigAbsSyms
 .text.st_stm32_common_config
                0x000000000800b59c        0x4 zephyr/libzephyr.a(soc_config.c.obj)
 .text.log_msg_generic_get_wlen
                0x000000000800b5a0       0x22 zephyr/libzephyr.a(log_core.c.obj)
 .text.dummy_timestamp
                0x000000000800b5c2        0x4 zephyr/libzephyr.a(log_core.c.obj)
 .text.default_lf_get_timestamp
                0x000000000800b5c6       0x10 zephyr/libzephyr.a(log_core.c.obj)
 .text.notify_drop
                0x000000000800b5d6        0x6 zephyr/libzephyr.a(log_core.c.obj)
 .text.z_log_get_tag
                0x000000000800b5dc        0x4 zephyr/libzephyr.a(log_core.c.obj)
                0x000000000800b5dc                z_log_get_tag
 .text.z_cbprintf_cpy
                0x000000000800b5e0       0x2c zephyr/libzephyr.a(log_msg.c.obj)
 .text.z_log_msg_finalize
                0x000000000800b60c       0x34 zephyr/libzephyr.a(log_msg.c.obj)
                0x000000000800b60c                z_log_msg_finalize
 .text.buffer_write
                0x000000000800b640       0x1a zephyr/libzephyr.a(log_output.c.obj)
 .text.cbvprintf
                0x000000000800b65a        0xe zephyr/libzephyr.a(log_output.c.obj)
 .text.log_output_flush
                0x000000000800b668       0x1a zephyr/libzephyr.a(log_output.c.obj)
                0x000000000800b668                log_output_flush
 .text.cr_out_func
                0x000000000800b682       0x1c zephyr/libzephyr.a(log_output.c.obj)
 .text.z_do_kernel_oops
                0x000000000800b69e        0x8 zephyr/arch/arch/arm/core/aarch32/libarch__arm__core__aarch32.a(fatal.c.obj)
                0x000000000800b69e                z_do_kernel_oops
 .text.z_irq_spurious
                0x000000000800b6a6        0x8 zephyr/arch/arch/arm/core/aarch32/libarch__arm__core__aarch32.a(irq_manage.c.obj)
                0x000000000800b6a6                z_irq_spurious
 .text.z_arm_nmi
                0x000000000800b6ae        0xe zephyr/arch/arch/arm/core/aarch32/libarch__arm__core__aarch32.a(nmi.c.obj)
                0x000000000800b6ae                z_arm_nmi
 .text.z_log_msg_static_create.constprop.0
                0x000000000800b6bc        0x6 zephyr/arch/arch/arm/core/aarch32/cortex_m/libarch__arm__core__aarch32__cortex_m.a(fault.c.obj)
 .text._stdout_hook_default
                0x000000000800b6c2        0x6 zephyr/lib/libc/newlib/liblib__libc__newlib.a(libc-hooks.c.obj)
 .text._stdin_hook_default
                0x000000000800b6c8        0x4 zephyr/lib/libc/newlib/liblib__libc__newlib.a(libc-hooks.c.obj)
 .text._read    0x000000000800b6cc        0x8 zephyr/lib/libc/newlib/liblib__libc__newlib.a(libc-hooks.c.obj)
                0x000000000800b6cc                _read
                0x000000000800b6cc                read
 .text._write   0x000000000800b6d4        0x8 zephyr/lib/libc/newlib/liblib__libc__newlib.a(libc-hooks.c.obj)
                0x000000000800b6d4                _write
                0x000000000800b6d4                write
 .text._close   0x000000000800b6dc        0x6 zephyr/lib/libc/newlib/liblib__libc__newlib.a(libc-hooks.c.obj)
                0x000000000800b6dc                _close
                0x000000000800b6dc                close
 .text._lseek   0x000000000800b6e2        0x4 zephyr/lib/libc/newlib/liblib__libc__newlib.a(libc-hooks.c.obj)
                0x000000000800b6e2                _lseek
                0x000000000800b6e2                lseek
 .text._isatty  0x000000000800b6e6        0xa zephyr/lib/libc/newlib/liblib__libc__newlib.a(libc-hooks.c.obj)
                0x000000000800b6e6                _isatty
                0x000000000800b6e6                isatty
 .text._kill    0x000000000800b6f0        0x4 zephyr/lib/libc/newlib/liblib__libc__newlib.a(libc-hooks.c.obj)
                0x000000000800b6f0                _kill
                0x000000000800b6f0                kill
 .text._getpid  0x000000000800b6f4        0x4 zephyr/lib/libc/newlib/liblib__libc__newlib.a(libc-hooks.c.obj)
                0x000000000800b6f4                getpid
                0x000000000800b6f4                _getpid
 .text._fstat   0x000000000800b6f8        0xa zephyr/lib/libc/newlib/liblib__libc__newlib.a(libc-hooks.c.obj)
                0x000000000800b6f8                fstat
                0x000000000800b6f8                _fstat
 .text.smf_set_initial
                0x000000000800b702       0x18 zephyr/lib/smf/liblib__smf.a(smf.c.obj)
                0x000000000800b702                smf_set_initial
 .text.smf_run_state
                0x000000000800b71a       0x18 zephyr/lib/smf/liblib__smf.a(smf.c.obj)
                0x000000000800b71a                smf_run_state
 .text.stm32_exti_init
                0x000000000800b732       0x4c zephyr/drivers/interrupt_controller/libdrivers__interrupt_controller.a(intc_exti_stm32.c.obj)
 .text.__stm32_exti_isr_15_10
                0x000000000800b77e        0xa zephyr/drivers/interrupt_controller/libdrivers__interrupt_controller.a(intc_exti_stm32.c.obj)
 .text.__stm32_exti_isr_9_5
                0x000000000800b788        0xa zephyr/drivers/interrupt_controller/libdrivers__interrupt_controller.a(intc_exti_stm32.c.obj)
 .text.__stm32_exti_isr_4
                0x000000000800b792        0xa zephyr/drivers/interrupt_controller/libdrivers__interrupt_controller.a(intc_exti_stm32.c.obj)
 .text.__stm32_exti_isr_3
                0x000000000800b79c        0xa zephyr/drivers/interrupt_controller/libdrivers__interrupt_controller.a(intc_exti_stm32.c.obj)
 .text.__stm32_exti_isr_2
                0x000000000800b7a6        0xa zephyr/drivers/interrupt_controller/libdrivers__interrupt_controller.a(intc_exti_stm32.c.obj)
 .text.__stm32_exti_isr_1
                0x000000000800b7b0        0xa zephyr/drivers/interrupt_controller/libdrivers__interrupt_controller.a(intc_exti_stm32.c.obj)
 .text.__stm32_exti_isr_0
                0x000000000800b7ba        0xa zephyr/drivers/interrupt_controller/libdrivers__interrupt_controller.a(intc_exti_stm32.c.obj)
 .text.adc_stm32_enable
                0x000000000800b7c4       0x1a zephyr/drivers/adc/libdrivers__adc.a(adc_stm32.c.obj)
 .text.adc_stm32_cfg_func_0
                0x000000000800b7de       0x16 zephyr/drivers/adc/libdrivers__adc.a(adc_stm32.c.obj)
 .text.adc_stm32_disable
                0x000000000800b7f4       0x1e zephyr/drivers/adc/libdrivers__adc.a(adc_stm32.c.obj)
 .text.z_log_msg_static_create.constprop.0
                0x000000000800b812        0x6 zephyr/drivers/adc/libdrivers__adc.a(adc_stm32.c.obj)
 .text.adc_stm32_calib.isra.0
                0x000000000800b818       0x1a zephyr/drivers/adc/libdrivers__adc.a(adc_stm32.c.obj)
 .text.adc_context_start_sampling
                0x000000000800b832       0x22 zephyr/drivers/adc/libdrivers__adc.a(adc_stm32.c.obj)
 .text.adc_context_on_timer_expired
                0x000000000800b854       0x2e zephyr/drivers/adc/libdrivers__adc.a(adc_stm32.c.obj)
 .text.adc_stm32_isr
                0x000000000800b882       0x8e zephyr/drivers/adc/libdrivers__adc.a(adc_stm32.c.obj)
 .text.stm32_clock_control_on
                0x000000000800b910       0x24 zephyr/drivers/clock_control/libdrivers__clock_control.a(clock_stm32_ll_common.c.obj)
 .text.stm32_clock_control_off
                0x000000000800b934       0x24 zephyr/drivers/clock_control/libdrivers__clock_control.a(clock_stm32_ll_common.c.obj)
 .text.stm32_clock_control_configure
                0x000000000800b958       0x2e zephyr/drivers/clock_control/libdrivers__clock_control.a(clock_stm32_ll_common.c.obj)
 .text.config_enable_default_clocks
                0x000000000800b986        0x2 zephyr/drivers/clock_control/libdrivers__clock_control.a(clock_stm32f0_f3.c.obj)
                0x000000000800b986                config_enable_default_clocks
 .text.z_log_msg_static_create.constprop.0
                0x000000000800b988        0x6 zephyr/drivers/display/libdrivers__display.a(ssd1306.c.obj)
 .text.ssd1306_set_pixel_format
                0x000000000800b98e        0xc zephyr/drivers/display/libdrivers__display.a(ssd1306.c.obj)
 .text.ssd1306_write_bus.isra.0
                0x000000000800b99a       0x3c zephyr/drivers/display/libdrivers__display.a(ssd1306.c.obj)
 .text.ssd1306_set_contrast
                0x000000000800b9d6       0x1e zephyr/drivers/display/libdrivers__display.a(ssd1306.c.obj)
 .text.ssd1306_suspend
                0x000000000800b9f4       0x1a zephyr/drivers/display/libdrivers__display.a(ssd1306.c.obj)
 .text.ssd1306_resume
                0x000000000800ba0e       0x1a zephyr/drivers/display/libdrivers__display.a(ssd1306.c.obj)
 .text.gpio_stm32_port_get_raw
                0x000000000800ba28        0xc zephyr/drivers/gpio/libdrivers__gpio.a(gpio_stm32.c.obj)
 .text.gpio_stm32_port_set_masked_raw
                0x000000000800ba34       0x12 zephyr/drivers/gpio/libdrivers__gpio.a(gpio_stm32.c.obj)
 .text.gpio_stm32_port_set_bits_raw
                0x000000000800ba46        0xa zephyr/drivers/gpio/libdrivers__gpio.a(gpio_stm32.c.obj)
 .text.gpio_stm32_port_clear_bits_raw
                0x000000000800ba50        0xa zephyr/drivers/gpio/libdrivers__gpio.a(gpio_stm32.c.obj)
 .text.gpio_stm32_port_toggle_bits
                0x000000000800ba5a        0xe zephyr/drivers/gpio/libdrivers__gpio.a(gpio_stm32.c.obj)
 .text.gpio_stm32_configure_raw.isra.0
                0x000000000800ba68      0x106 zephyr/drivers/gpio/libdrivers__gpio.a(gpio_stm32.c.obj)
 .text.gpio_stm32_config
                0x000000000800bb6e       0x72 zephyr/drivers/gpio/libdrivers__gpio.a(gpio_stm32.c.obj)
 .text.gpio_stm32_configure
                0x000000000800bbe0       0x2a zephyr/drivers/gpio/libdrivers__gpio.a(gpio_stm32.c.obj)
                0x000000000800bbe0                gpio_stm32_configure
 .text.stm32_i2c_enable_transfer_interrupts.isra.0
                0x000000000800bc0a       0x24 zephyr/drivers/i2c/libdrivers__i2c.a(i2c_ll_stm32_v2.c.obj)
 .text.stm32_i2c_disable_transfer_interrupts.isra.0
                0x000000000800bc2e       0x34 zephyr/drivers/i2c/libdrivers__i2c.a(i2c_ll_stm32_v2.c.obj)
 .text.stm32_i2c_master_mode_end
                0x000000000800bc62       0x20 zephyr/drivers/i2c/libdrivers__i2c.a(i2c_ll_stm32_v2.c.obj)
 .text.stm32_i2c_event_isr
                0x000000000800bc82       0x8e zephyr/drivers/i2c/libdrivers__i2c.a(i2c_ll_stm32_v2.c.obj)
                0x000000000800bc82                stm32_i2c_event_isr
 .text.stm32_i2c_error_isr
                0x000000000800bd10       0x32 zephyr/drivers/i2c/libdrivers__i2c.a(i2c_ll_stm32_v2.c.obj)
                0x000000000800bd10                stm32_i2c_error_isr
 .text.stm32_i2c_msg_write
                0x000000000800bd42       0x94 zephyr/drivers/i2c/libdrivers__i2c.a(i2c_ll_stm32_v2.c.obj)
                0x000000000800bd42                stm32_i2c_msg_write
 .text.stm32_i2c_msg_read
                0x000000000800bdd6       0x94 zephyr/drivers/i2c/libdrivers__i2c.a(i2c_ll_stm32_v2.c.obj)
                0x000000000800bdd6                stm32_i2c_msg_read
 .text.i2c_stm32_irq_config_func_i2c1
                0x000000000800be6a       0x26 zephyr/drivers/i2c/libdrivers__i2c.a(i2c_ll_stm32.c.obj)
 .text.i2c_stm32_transfer
                0x000000000800be90       0xf8 zephyr/drivers/i2c/libdrivers__i2c.a(i2c_ll_stm32.c.obj)
 .text.i2c_stm32_runtime_configure
                0x000000000800bf88       0x52 zephyr/drivers/i2c/libdrivers__i2c.a(i2c_ll_stm32.c.obj)
                0x000000000800bf88                i2c_stm32_runtime_configure
 .text.uart_stm32_err_check
                0x000000000800bfda       0x54 zephyr/drivers/serial/libdrivers__serial.a(uart_stm32.c.obj)
 .text.uart_stm32_poll_out
                0x000000000800c02e       0x3a zephyr/drivers/serial/libdrivers__serial.a(uart_stm32.c.obj)
 .text.uart_stm32_poll_in
                0x000000000800c068       0x22 zephyr/drivers/serial/libdrivers__serial.a(uart_stm32.c.obj)
 .text.uart_stm32_config_get
                0x000000000800c08a       0xa2 zephyr/drivers/serial/libdrivers__serial.a(uart_stm32.c.obj)
 .text.pinctrl_lookup_state
                0x000000000800c12c       0x2c zephyr/drivers/pinctrl/libdrivers__pinctrl.a(common.c.obj)
                0x000000000800c12c                pinctrl_lookup_state
 .text.LL_RCC_GetSystemClocksFreq
                0x000000000800c158       0x22 modules/stm32/stm32cube/lib..__modules__hal__stm32__stm32cube.a(stm32f3xx_ll_rcc.c.obj)
                0x000000000800c158                LL_RCC_GetSystemClocksFreq
 .text.z_device_state_init
                0x000000000800c17a        0x2 zephyr/kernel/libkernel.a(device.c.obj)
                0x000000000800c17a                z_device_state_init
 .text.z_device_is_ready
                0x000000000800c17c       0x14 zephyr/kernel/libkernel.a(device.c.obj)
                0x000000000800c17c                z_device_is_ready
 .text.arch_system_halt
                0x000000000800c190       0x12 zephyr/kernel/libkernel.a(fatal.c.obj)
                0x000000000800c190                arch_system_halt
 .text.z_early_memset
                0x000000000800c1a2        0x4 zephyr/kernel/libkernel.a(init.c.obj)
                0x000000000800c1a2                z_early_memset
 .text.z_early_memcpy
                0x000000000800c1a6        0x4 zephyr/kernel/libkernel.a(init.c.obj)
                0x000000000800c1a6                z_early_memcpy
 .text.k_is_in_isr
                0x000000000800c1aa        0xc zephyr/kernel/libkernel.a(thread.c.obj)
                0x000000000800c1aa                k_is_in_isr
 .text.z_impl_k_thread_name_set
                0x000000000800c1b6        0x6 zephyr/kernel/libkernel.a(thread.c.obj)
                0x000000000800c1b6                z_impl_k_thread_name_set
 .text.k_thread_name_get
                0x000000000800c1bc        0x4 zephyr/kernel/libkernel.a(thread.c.obj)
                0x000000000800c1bc                k_thread_name_get
 .text.adjust_owner_prio.isra.0
                0x000000000800c1c0       0x10 zephyr/kernel/libkernel.a(mutex.c.obj)
 .text.z_impl_k_mutex_init
                0x000000000800c1d0        0xe zephyr/kernel/libkernel.a(mutex.c.obj)
                0x000000000800c1d0                z_impl_k_mutex_init
 .text.z_impl_k_sem_init
                0x000000000800c1de       0x18 zephyr/kernel/libkernel.a(sem.c.obj)
                0x000000000800c1de                z_impl_k_sem_init
 .text.z_reschedule_irqlock
                0x000000000800c1f6       0x18 zephyr/kernel/libkernel.a(sched.c.obj)
                0x000000000800c1f6                z_reschedule_irqlock
 .text.z_reschedule_unlocked
                0x000000000800c20e       0x14 zephyr/kernel/libkernel.a(sched.c.obj)
 .text.z_impl_k_usleep
                0x000000000800c222       0x22 zephyr/kernel/libkernel.a(sched.c.obj)
                0x000000000800c222                z_impl_k_usleep
 .text.sys_clock_tick_get_32
                0x000000000800c244        0x8 zephyr/kernel/libkernel.a(timeout.c.obj)
                0x000000000800c244                sys_clock_tick_get_32
 .text.z_impl_k_uptime_ticks
                0x000000000800c24c        0x4 zephyr/kernel/libkernel.a(timeout.c.obj)
                0x000000000800c24c                z_impl_k_uptime_ticks
 .text.sys_clock_timeout_end_calc
                0x000000000800c250       0x44 zephyr/kernel/libkernel.a(timeout.c.obj)
                0x000000000800c250                sys_clock_timeout_end_calc
 .text.k_timer_init
                0x000000000800c294       0x18 zephyr/kernel/libkernel.a(timer.c.obj)
                0x000000000800c294                k_timer_init
 .text.z_impl_k_timer_stop
                0x000000000800c2ac       0x3a zephyr/kernel/libkernel.a(timer.c.obj)
                0x000000000800c2ac                z_impl_k_timer_stop
 .text.k_malloc
                0x000000000800c2e6        0x8 zephyr/kernel/libkernel.a(mempool.c.obj)
                0x000000000800c2e6                k_malloc
 .text.k_heap_init
                0x000000000800c2ee       0x10 zephyr/kernel/libkernel.a(kheap.c.obj)
                0x000000000800c2ee                k_heap_init
 .text.memcpy   0x000000000800c2fe       0x1c C:/Users/Ricardo/zephyr-sdk-0.15.0/arm-zephyr-eabi/arm-zephyr-eabi/lib/thumb/v7e-m/nofp\libc_nano.a(lib_a-memcpy-stub.o)
                0x000000000800c2fe                memcpy
 .text.memset   0x000000000800c31a       0x10 C:/Users/Ricardo/zephyr-sdk-0.15.0/arm-zephyr-eabi/arm-zephyr-eabi/lib/thumb/v7e-m/nofp\libc_nano.a(lib_a-memset.o)
                0x000000000800c31a                memset
 .text.__sfputc_r
                0x000000000800c32a       0x2a C:/Users/Ricardo/zephyr-sdk-0.15.0/arm-zephyr-eabi/arm-zephyr-eabi/lib/thumb/v7e-m/nofp\libc_nano.a(lib_a-nano-vfprintf.o)
 .text.__sfputs_r
                0x000000000800c354       0x24 C:/Users/Ricardo/zephyr-sdk-0.15.0/arm-zephyr-eabi/arm-zephyr-eabi/lib/thumb/v7e-m/nofp\libc_nano.a(lib_a-nano-vfprintf.o)
                0x000000000800c354                __sfputs_r
 .text.__cvt    0x000000000800c378       0xce C:/Users/Ricardo/zephyr-sdk-0.15.0/arm-zephyr-eabi/arm-zephyr-eabi/lib/thumb/v7e-m/nofp\libc_nano.a(lib_a-nano-vfprintf_float.o)
                0x000000000800c378                __cvt
 .text.__exponent
                0x000000000800c446       0x74 C:/Users/Ricardo/zephyr-sdk-0.15.0/arm-zephyr-eabi/arm-zephyr-eabi/lib/thumb/v7e-m/nofp\libc_nano.a(lib_a-nano-vfprintf_float.o)
                0x000000000800c446                __exponent
 .text._printf_common
                0x000000000800c4ba       0xda C:/Users/Ricardo/zephyr-sdk-0.15.0/arm-zephyr-eabi/arm-zephyr-eabi/lib/thumb/v7e-m/nofp\libc_nano.a(lib_a-nano-vfprintf_i.o)
                0x000000000800c4ba                _printf_common
 .text.__sprintf_chk
                0x000000000800c594       0x34 C:/Users/Ricardo/zephyr-sdk-0.15.0/arm-zephyr-eabi/arm-zephyr-eabi/lib/thumb/v7e-m/nofp\libc_nano.a(lib_a-sprintf_chk.o)
                0x000000000800c594                __sprintf_chk
 .text.strncpy  0x000000000800c5c8       0x26 C:/Users/Ricardo/zephyr-sdk-0.15.0/arm-zephyr-eabi/arm-zephyr-eabi/lib/thumb/v7e-m/nofp\libc_nano.a(lib_a-strncpy.o)
                0x000000000800c5c8                strncpy
 .text.strnlen  0x000000000800c5ee       0x18 C:/Users/Ricardo/zephyr-sdk-0.15.0/arm-zephyr-eabi/arm-zephyr-eabi/lib/thumb/v7e-m/nofp\libc_nano.a(lib_a-strnlen.o)
                0x000000000800c5ee                strnlen
 .text._vsnprintf_r
                0x000000000800c606       0x56 C:/Users/Ricardo/zephyr-sdk-0.15.0/arm-zephyr-eabi/arm-zephyr-eabi/lib/thumb/v7e-m/nofp\libc_nano.a(lib_a-vsnprintf.o)
                0x000000000800c606                _vsniprintf_r
                0x000000000800c606                _vsnprintf_r
 .text.quorem   0x000000000800c65c      0x110 C:/Users/Ricardo/zephyr-sdk-0.15.0/arm-zephyr-eabi/arm-zephyr-eabi/lib/thumb/v7e-m/nofp\libc_nano.a(lib_a-dtoa.o)
 .text.__sflush_r
                0x000000000800c76c      0x100 C:/Users/Ricardo/zephyr-sdk-0.15.0/arm-zephyr-eabi/arm-zephyr-eabi/lib/thumb/v7e-m/nofp\libc_nano.a(lib_a-fflush.o)
                0x000000000800c76c                __sflush_r
 .text.__sfmoreglue
                0x000000000800c86c       0x2c C:/Users/Ricardo/zephyr-sdk-0.15.0/arm-zephyr-eabi/arm-zephyr-eabi/lib/thumb/v7e-m/nofp\libc_nano.a(lib_a-findfp.o)
                0x000000000800c86c                __sfmoreglue
 .text._fwalk_reent
                0x000000000800c898       0x3e C:/Users/Ricardo/zephyr-sdk-0.15.0/arm-zephyr-eabi/arm-zephyr-eabi/lib/thumb/v7e-m/nofp\libc_nano.a(lib_a-fwalk.o)
                0x000000000800c898                _fwalk_reent
 .text.__swhatbuf_r
                0x000000000800c8d6       0x4c C:/Users/Ricardo/zephyr-sdk-0.15.0/arm-zephyr-eabi/arm-zephyr-eabi/lib/thumb/v7e-m/nofp\libc_nano.a(lib_a-makebuf.o)
                0x000000000800c8d6                __swhatbuf_r
 .text.memmove  0x000000000800c922       0x34 C:/Users/Ricardo/zephyr-sdk-0.15.0/arm-zephyr-eabi/arm-zephyr-eabi/lib/thumb/v7e-m/nofp\libc_nano.a(lib_a-memmove.o)
                0x000000000800c922                memmove
 .text.__hi0bits
                0x000000000800c956       0x44 C:/Users/Ricardo/zephyr-sdk-0.15.0/arm-zephyr-eabi/arm-zephyr-eabi/lib/thumb/v7e-m/nofp\libc_nano.a(lib_a-mprec.o)
                0x000000000800c956                __hi0bits
 .text.__lo0bits
                0x000000000800c99a       0x5a C:/Users/Ricardo/zephyr-sdk-0.15.0/arm-zephyr-eabi/arm-zephyr-eabi/lib/thumb/v7e-m/nofp\libc_nano.a(lib_a-mprec.o)
                0x000000000800c99a                __lo0bits
 .text.__mcmp   0x000000000800c9f4       0x36 C:/Users/Ricardo/zephyr-sdk-0.15.0/arm-zephyr-eabi/arm-zephyr-eabi/lib/thumb/v7e-m/nofp\libc_nano.a(lib_a-mprec.o)
                0x000000000800c9f4                __mcmp
 .text._calloc_r
                0x000000000800ca2a       0x1c C:/Users/Ricardo/zephyr-sdk-0.15.0/arm-zephyr-eabi/arm-zephyr-eabi/lib/thumb/v7e-m/nofp\libc_nano.a(lib_a-nano-callocr.o)
                0x000000000800ca2a                _calloc_r
 .text._realloc_r
                0x000000000800ca46       0x4a C:/Users/Ricardo/zephyr-sdk-0.15.0/arm-zephyr-eabi/arm-zephyr-eabi/lib/thumb/v7e-m/nofp\libc_nano.a(lib_a-nano-reallocr.o)
                0x000000000800ca46                _realloc_r
 .text.__ssputs_r
                0x000000000800ca90       0xb6 C:/Users/Ricardo/zephyr-sdk-0.15.0/arm-zephyr-eabi/arm-zephyr-eabi/lib/thumb/v7e-m/nofp\libc_nano.a(lib_a-nano-svfprintf.o)
                0x000000000800ca90                __ssputs_r
 .text.__sread  0x000000000800cb46       0x22 C:/Users/Ricardo/zephyr-sdk-0.15.0/arm-zephyr-eabi/arm-zephyr-eabi/lib/thumb/v7e-m/nofp\libc_nano.a(lib_a-stdio.o)
                0x000000000800cb46                __sread
 .text.__swrite
                0x000000000800cb68       0x38 C:/Users/Ricardo/zephyr-sdk-0.15.0/arm-zephyr-eabi/arm-zephyr-eabi/lib/thumb/v7e-m/nofp\libc_nano.a(lib_a-stdio.o)
                0x000000000800cb68                __swrite
 .text.__sseek  0x000000000800cba0       0x24 C:/Users/Ricardo/zephyr-sdk-0.15.0/arm-zephyr-eabi/arm-zephyr-eabi/lib/thumb/v7e-m/nofp\libc_nano.a(lib_a-stdio.o)
                0x000000000800cba0                __sseek
 .text.__sclose
                0x000000000800cbc4        0x8 C:/Users/Ricardo/zephyr-sdk-0.15.0/arm-zephyr-eabi/arm-zephyr-eabi/lib/thumb/v7e-m/nofp\libc_nano.a(lib_a-stdio.o)
                0x000000000800cbc4                __sclose
 .text.__ascii_mbtowc
                0x000000000800cbcc       0x24 C:/Users/Ricardo/zephyr-sdk-0.15.0/arm-zephyr-eabi/arm-zephyr-eabi/lib/thumb/v7e-m/nofp\libc_nano.a(lib_a-mbtowc_r.o)
                0x000000000800cbcc                __ascii_mbtowc
 .text._malloc_usable_size_r
                0x000000000800cbf0       0x10 C:/Users/Ricardo/zephyr-sdk-0.15.0/arm-zephyr-eabi/arm-zephyr-eabi/lib/thumb/v7e-m/nofp\libc_nano.a(lib_a-nano-msizer.o)
                0x000000000800cbf0                _malloc_usable_size_r
 .text.__ascii_wctomb
                0x000000000800cc00       0x1a C:/Users/Ricardo/zephyr-sdk-0.15.0/arm-zephyr-eabi/arm-zephyr-eabi/lib/thumb/v7e-m/nofp\libc_nano.a(lib_a-wctomb_r.o)
                0x000000000800cc00                __ascii_wctomb
 .text.abort    0x000000000800cc1a        0xe C:/Users/Ricardo/zephyr-sdk-0.15.0/arm-zephyr-eabi/arm-zephyr-eabi/lib/thumb/v7e-m/nofp\libc_nano.a(lib_a-abort.o)
                0x000000000800cc1a                abort
 .text._raise_r
                0x000000000800cc28       0x50 C:/Users/Ricardo/zephyr-sdk-0.15.0/arm-zephyr-eabi/arm-zephyr-eabi/lib/thumb/v7e-m/nofp\libc_nano.a(lib_a-signal.o)
                0x000000000800cc28                _raise_r
 .text._getpid_r
                0x000000000800cc78        0x4 C:/Users/Ricardo/zephyr-sdk-0.15.0/arm-zephyr-eabi/arm-zephyr-eabi/lib/thumb/v7e-m/nofp\libc_nano.a(lib_a-signalr.o)
                0x000000000800cc78                _getpid_r
 *(SORT_BY_ALIGNMENT(.TEXT.*))
 *(SORT_BY_ALIGNMENT(.gnu.linkonce.t.*))
 *(SORT_BY_ALIGNMENT(.glue_7t))
 .glue_7t       0x000000000800cc7c        0x0 linker stubs
 *(SORT_BY_ALIGNMENT(.glue_7))
 .glue_7        0x000000000800cc7c        0x0 linker stubs
 *(SORT_BY_ALIGNMENT(.vfp11_veneer))
 .vfp11_veneer  0x000000000800cc7c        0x0 linker stubs
 *(SORT_BY_ALIGNMENT(.v4_bx))
 .v4_bx         0x000000000800cc7c        0x0 linker stubs
                0x000000000800cc7c                . = ALIGN (0x4)
                0x000000000800cc7c                __text_region_end = .

.ARM.exidx      0x000000000800cc7c        0x8
                0x000000000800cc7c                __exidx_start = .
 *(SORT_BY_ALIGNMENT(.ARM.exidx*) SORT_BY_ALIGNMENT(gnu.linkonce.armexidx.*))
 .ARM.exidx     0x000000000800cc7c        0x8 c:/users/ricardo/zephyr-sdk-0.15.0/arm-zephyr-eabi/bin/../lib/gcc/arm-zephyr-eabi/12.1.0/thumb/v7e-m/nofp\libgcc.a(_udivmoddi4.o)
                0x000000000800cc84                __exidx_end = .
                0x000000000800cc84                __rodata_region_start = .

initlevel       0x000000000800cc84       0xa0
                0x000000000800cc84                __init_start = .
                0x000000000800cc84                __init_PRE_KERNEL_1_start = .
 *(SORT_BY_NAME(SORT_BY_ALIGNMENT(.z_init_PRE_KERNEL_1[0-9]_*)))
 .z_init_PRE_KERNEL_10_
                0x000000000800cc84        0x8 zephyr/libzephyr.a(soc.c.obj)
 .z_init_PRE_KERNEL_11_
                0x000000000800cc8c        0x8 zephyr/libzephyr.a(soc_config.c.obj)
 .z_init_PRE_KERNEL_11_
                0x000000000800cc94        0x8 zephyr/drivers/clock_control/libdrivers__clock_control.a(clock_stm32_ll_common.c.obj)
 *(SORT_BY_NAME(SORT_BY_ALIGNMENT(.z_init_PRE_KERNEL_1[1-9][0-9]_*)))
 .z_init_PRE_KERNEL_130_
                0x000000000800cc9c        0x8 zephyr/kernel/libkernel.a(kheap.c.obj)
 .z_init_PRE_KERNEL_140_
                0x000000000800cca4        0x8 zephyr/drivers/interrupt_controller/libdrivers__interrupt_controller.a(intc_exti_stm32.c.obj)
 .z_init_PRE_KERNEL_140_
                0x000000000800ccac       0x30 zephyr/drivers/gpio/libdrivers__gpio.a(gpio_stm32.c.obj)
 .z_init_PRE_KERNEL_155_
                0x000000000800ccdc       0x10 zephyr/drivers/serial/libdrivers__serial.a(uart_stm32.c.obj)
 .z_init_PRE_KERNEL_160_
                0x000000000800ccec        0x8 zephyr/drivers/console/libdrivers__console.a(uart_console.c.obj)
                0x000000000800ccf4                __init_PRE_KERNEL_2_start = .
 *(SORT_BY_NAME(SORT_BY_ALIGNMENT(.z_init_PRE_KERNEL_2[0-9]_*)))
 .z_init_PRE_KERNEL_20_
                0x000000000800ccf4        0x8 zephyr/drivers/timer/libdrivers__timer.a(cortex_m_systick.c.obj)
 *(SORT_BY_NAME(SORT_BY_ALIGNMENT(.z_init_PRE_KERNEL_2[1-9][0-9]_*)))
                0x000000000800ccfc                __init_POST_KERNEL_start = .
 *(SORT_BY_NAME(SORT_BY_ALIGNMENT(.z_init_POST_KERNEL[0-9]_*)))
 .z_init_POST_KERNEL0_
                0x000000000800ccfc        0x8 zephyr/libzephyr.a(log_core.c.obj)
 *(SORT_BY_NAME(SORT_BY_ALIGNMENT(.z_init_POST_KERNEL[1-9][0-9]_*)))
 .z_init_POST_KERNEL40_
                0x000000000800cd04        0x8 zephyr/lib/libc/newlib/liblib__libc__newlib.a(libc-hooks.c.obj)
 .z_init_POST_KERNEL50_
                0x000000000800cd0c        0x8 zephyr/drivers/adc/libdrivers__adc.a(adc_stm32.c.obj)
 .z_init_POST_KERNEL50_
                0x000000000800cd14        0x8 zephyr/drivers/i2c/libdrivers__i2c.a(i2c_ll_stm32.c.obj)
 .z_init_POST_KERNEL85_
                0x000000000800cd1c        0x8 zephyr/drivers/display/libdrivers__display.a(ssd1306.c.obj)
                0x000000000800cd24                __init_APPLICATION_start = .
 *(SORT_BY_NAME(SORT_BY_ALIGNMENT(.z_init_APPLICATION[0-9]_*)))
 *(SORT_BY_NAME(SORT_BY_ALIGNMENT(.z_init_APPLICATION[1-9][0-9]_*)))
                0x000000000800cd24                __init_SMP_start = .
 *(SORT_BY_NAME(SORT_BY_ALIGNMENT(.z_init_SMP[0-9]_*)))
 *(SORT_BY_NAME(SORT_BY_ALIGNMENT(.z_init_SMP[1-9][0-9]_*)))
                0x000000000800cd24                __init_end = .

devices         0x000000000800cd24      0x138
                0x000000000800cd24                __device_start = .
                0x000000000800cd24                __device_PRE_KERNEL_1_start = .
 *(SORT_BY_NAME(SORT_BY_ALIGNMENT(.z_device_PRE_KERNEL_1[0-9]_*)))
 .z_device_PRE_KERNEL_11_
                0x000000000800cd24       0x18 zephyr/drivers/clock_control/libdrivers__clock_control.a(clock_stm32_ll_common.c.obj)
                0x000000000800cd24                __device_dts_ord_9
 *(SORT_BY_NAME(SORT_BY_ALIGNMENT(.z_device_PRE_KERNEL_1[1-9][0-9]_*)))
 .z_device_PRE_KERNEL_140_
                0x000000000800cd3c       0x18 zephyr/drivers/interrupt_controller/libdrivers__interrupt_controller.a(intc_exti_stm32.c.obj)
                0x000000000800cd3c                __device_dts_ord_38
 .z_device_PRE_KERNEL_140_
                0x000000000800cd54       0x90 zephyr/drivers/gpio/libdrivers__gpio.a(gpio_stm32.c.obj)
                0x000000000800cd54                __device_dts_ord_74
                0x000000000800cd6c                __device_dts_ord_73
                0x000000000800cd84                __device_dts_ord_72
                0x000000000800cd9c                __device_dts_ord_26
                0x000000000800cdb4                __device_dts_ord_71
                0x000000000800cdcc                __device_dts_ord_29
 .z_device_PRE_KERNEL_155_
                0x000000000800cde4       0x30 zephyr/drivers/serial/libdrivers__serial.a(uart_stm32.c.obj)
                0x000000000800cde4                __device_dts_ord_42
                0x000000000800cdfc                __device_dts_ord_47
                0x000000000800ce14                __device_PRE_KERNEL_2_start = .
 *(SORT_BY_NAME(SORT_BY_ALIGNMENT(.z_device_PRE_KERNEL_2[0-9]_*)))
 *(SORT_BY_NAME(SORT_BY_ALIGNMENT(.z_device_PRE_KERNEL_2[1-9][0-9]_*)))
                0x000000000800ce14                __device_POST_KERNEL_start = .
 *(SORT_BY_NAME(SORT_BY_ALIGNMENT(.z_device_POST_KERNEL[0-9]_*)))
 *(SORT_BY_NAME(SORT_BY_ALIGNMENT(.z_device_POST_KERNEL[1-9][0-9]_*)))
 .z_device_POST_KERNEL50_
                0x000000000800ce14       0x18 zephyr/drivers/adc/libdrivers__adc.a(adc_stm32.c.obj)
                0x000000000800ce14                __device_dts_ord_15
 .z_device_POST_KERNEL50_
                0x000000000800ce2c       0x18 zephyr/drivers/i2c/libdrivers__i2c.a(i2c_ll_stm32.c.obj)
                0x000000000800ce2c                __device_dts_ord_69
 .z_device_POST_KERNEL85_
                0x000000000800ce44       0x18 zephyr/drivers/display/libdrivers__display.a(ssd1306.c.obj)
                0x000000000800ce44                __device_dts_ord_70
                0x000000000800ce5c                __device_APPLICATION_start = .
 *(SORT_BY_NAME(SORT_BY_ALIGNMENT(.z_device_APPLICATION[0-9]_*)))
 *(SORT_BY_NAME(SORT_BY_ALIGNMENT(.z_device_APPLICATION[1-9][0-9]_*)))
                0x000000000800ce5c                __device_SMP_start = .
 *(SORT_BY_NAME(SORT_BY_ALIGNMENT(.z_device_SMP[0-9]_*)))
 *(SORT_BY_NAME(SORT_BY_ALIGNMENT(.z_device_SMP[1-9][0-9]_*)))
                0x000000000800ce5c                __device_end = .

sw_isr_table    0x000000000800ce5c      0x2a8
                0x000000000800ce5c                . = ALIGN (0x4)
 *(SORT_BY_ALIGNMENT(.gnu.linkonce.sw_isr_table*))
 .gnu.linkonce.sw_isr_table
                0x000000000800ce5c      0x2a8 zephyr/arch/common/libisr_tables.a(isr_tables.c.obj)
                0x000000000800ce5c                _sw_isr_table

initlevel_error
                0x000000000800cc84        0x0
 *(SORT_BY_NAME(SORT_BY_ALIGNMENT(.z_init_[_A-Z0-9]*)))
                0x0000000000000001                ASSERT ((SIZEOF (initlevel_error) == 0x0), Undefined initialization levels used.)

app_shmem_regions
                0x000000000800d104        0x0
                0x000000000800d104                __app_shmem_regions_start = .
 *(SORT_BY_NAME(SORT_BY_ALIGNMENT(.app_regions.*)))
                0x000000000800d104                __app_shmem_regions_end = .

k_p4wq_initparam_area
                0x000000000800d104        0x0
                0x000000000800d104                _k_p4wq_initparam_list_start = .
 *(SORT_BY_NAME(SORT_BY_ALIGNMENT(._k_p4wq_initparam.static.*)))
                0x000000000800d104                _k_p4wq_initparam_list_end = .

device_handles  0x000000000800d104       0x7a